=== 1. System Information ===
Linux k8s-staging 6.8.0-111-generic #111-Ubuntu SMP PREEMPT_DYNAMIC Sat Apr 11 23:16:02 UTC 2026 x86_64 x86_64 x86_64 GNU/Linux
PRETTY_NAME="Ubuntu 24.04.4 LTS"
NAME="Ubuntu"
VERSION_ID="24.04"
VERSION="24.04.4 LTS (Noble Numbat)"
VERSION_CODENAME=noble
ID=ubuntu
ID_LIKE=debian
HOME_URL="https://www.ubuntu.com/"
SUPPORT_URL="https://help.ubuntu.com/"
BUG_REPORT_URL="https://bugs.launchpad.net/ubuntu/"
PRIVACY_POLICY_URL="https://www.ubuntu.com/legal/terms-and-policies/privacy-policy"
UBUNTU_CODENAME=noble
LOGO=ubuntu-logo
 Static hostname: k8s-staging
       Icon name: computer-vm
         Chassis: vm ≡ƒû┤
      Machine ID: b927234b710a40ceb618253d25e3e02e
         Boot ID: 10646e566e764170a318f740e951d077
  Virtualization: vmware
Operating System: Ubuntu 24.04.4 LTS
          Kernel: Linux 6.8.0-111-generic
    Architecture: x86-64
 Hardware Vendor: VMware, Inc.
  Hardware Model: VMware Virtual Platform
Firmware Version: 6.00
   Firmware Date: Mon 2025-03-24
    Firmware Age: 1y 1month 2w 5d
               Local time: Wed 2026-05-13 14:58:10 +07
           Universal time: Wed 2026-05-13 07:58:10 UTC
                 RTC time: Wed 2026-05-13 07:58:10
                Time zone: Asia/Ho_Chi_Minh (+07, +0700)
System clock synchronized: yes
              NTP service: active
          RTC in local TZ: no
               total        used        free      shared  buff/cache   available
Mem:           3.8Gi       2.5Gi       144Mi        36Mi       1.5Gi       1.3Gi
Swap:             0B          0B          0B
Filesystem                         Size  Used Avail Use% Mounted on
tmpfs                              387M  8.2M  379M   3% /run
/dev/mapper/ubuntu--vg-ubuntu--lv   48G   25G   20G  56% /
tmpfs                              1.9G     0  1.9G   0% /dev/shm
tmpfs                              5.0M     0  5.0M   0% /run/lock
/dev/sda2                          2.0G  296M  1.5G  17% /boot
tmpfs                              387M   12K  387M   1% /run/user/1000
NAME                      MAJ:MIN RM  SIZE RO TYPE MOUNTPOINTS
sda                         8:0    0   50G  0 disk 
Γö£ΓöÇsda1                      8:1    0    1M  0 part 
Γö£ΓöÇsda2                      8:2    0    2G  0 part /boot
ΓööΓöÇsda3                      8:3    0   48G  0 part 
  ΓööΓöÇubuntu--vg-ubuntu--lv 252:0    0   48G  0 lvm  /var/lib/kubelet/pods/db47fb72-8ce4-49e7-be8b-78331facbe58/volume-subpaths/hubble-ui-nginx-conf/frontend/0
                                                   /
sr0                        11:0    1  3.1G  0 rom  
 14:58:10 up  1:18,  3 users,  load average: 0.61, 1.10, 0.73
=== 2. Network & Open Ports Audit ===
Netid State  Recv-Q Send-Q   Local Address:Port  Peer Address:PortProcess
udp   UNCONN 0      0           127.0.0.54:53         0.0.0.0:*          
udp   UNCONN 0      0        127.0.0.53%lo:53         0.0.0.0:*          
udp   UNCONN 0      0            127.0.0.1:161        0.0.0.0:*          
udp   UNCONN 0      0              0.0.0.0:8472       0.0.0.0:*          
udp   UNCONN 0      0            127.0.0.1:45375      0.0.0.0:*          
udp   UNCONN 0      0                [::1]:161           [::]:*          
udp   UNCONN 0      0                 [::]:8472          [::]:*          
tcp   LISTEN 0      4096        127.0.0.54:53         0.0.0.0:*          
tcp   LISTEN 0      4096         127.0.0.1:9234       0.0.0.0:*          
tcp   LISTEN 0      4096         127.0.0.1:9879       0.0.0.0:*          
tcp   LISTEN 0      4096         127.0.0.1:9878       0.0.0.0:*          
tcp   LISTEN 0      4096         127.0.0.1:9878       0.0.0.0:*          
tcp   LISTEN 0      4096         127.0.0.1:9891       0.0.0.0:*          
tcp   LISTEN 0      4096         127.0.0.1:9890       0.0.0.0:*          
tcp   LISTEN 0      128          127.0.0.1:6010       0.0.0.0:*          
tcp   LISTEN 0      4096         127.0.0.1:44913      0.0.0.0:*          
tcp   LISTEN 0      4096           0.0.0.0:22         0.0.0.0:*          
tcp   LISTEN 0      4096         127.0.0.1:10249      0.0.0.0:*          
tcp   LISTEN 0      4096         127.0.0.1:10248      0.0.0.0:*          
tcp   LISTEN 0      4096         127.0.0.1:10257      0.0.0.0:*          
tcp   LISTEN 0      4096         127.0.0.1:10259      0.0.0.0:*          
tcp   LISTEN 0      4096           0.0.0.0:9964       0.0.0.0:*          
tcp   LISTEN 0      4096           0.0.0.0:9964       0.0.0.0:*          
tcp   LISTEN 0      4096         127.0.0.1:2381       0.0.0.0:*          
tcp   LISTEN 0      4096         127.0.0.1:2379       0.0.0.0:*          
tcp   LISTEN 0      4096         127.0.0.1:45375      0.0.0.0:*          
tcp   LISTEN 0      4096   192.168.157.110:4240       0.0.0.0:*          
tcp   LISTEN 0      4096   192.168.157.110:2379       0.0.0.0:*          
tcp   LISTEN 0      4096   192.168.157.110:2380       0.0.0.0:*          
tcp   LISTEN 0      4096     127.0.0.53%lo:53         0.0.0.0:*          
tcp   LISTEN 0      4096                 *:9100             *:*          
tcp   LISTEN 0      128              [::1]:6010          [::]:*          
tcp   LISTEN 0      4096                 *:443              *:*          
tcp   LISTEN 0      4096                 *:6443             *:*          
tcp   LISTEN 0      4096                 *:4244             *:*          
tcp   LISTEN 0      4096                 *:80               *:*          
tcp   LISTEN 0      4096                 *:10256            *:*          
tcp   LISTEN 0      4096              [::]:22            [::]:*          
tcp   LISTEN 0      4096                 *:10250            *:*          
tcp   LISTEN 0      4096                 *:8080             *:*          
tcp   LISTEN 0      4096                 *:9963             *:*          
118.68.211.170
=== 3. Firewall Audit ===
Status: active
Logging: on (low)
Default: deny (incoming), allow (outgoing), deny (routed)
New profiles: skip

To                         Action      From
--                         ------      ----
Anywhere on lo             ALLOW IN    Anywhere                  
22/tcp                     ALLOW IN    Anywhere                  
80/tcp                     ALLOW IN    Anywhere                  
443/tcp                    ALLOW IN    Anywhere                  
Anywhere                   ALLOW IN    192.168.157.0/24          
Anywhere                   ALLOW IN    10.96.0.0/12              
Anywhere                   ALLOW IN    10.0.0.0/8                
Anywhere on flannel.1      ALLOW IN    Anywhere                  
Anywhere on cni0           ALLOW IN    Anywhere                  
Anywhere (v6) on lo        ALLOW IN    Anywhere (v6)             
22/tcp (v6)                ALLOW IN    Anywhere (v6)             
80/tcp (v6)                ALLOW IN    Anywhere (v6)             
443/tcp (v6)               ALLOW IN    Anywhere (v6)             
Anywhere (v6) on flannel.1 ALLOW IN    Anywhere (v6)             
Anywhere (v6) on cni0      ALLOW IN    Anywhere (v6)             

Chain INPUT (policy DROP 0 packets, 0 bytes)
 pkts bytes target     prot opt in     out     source               destination         
1279K  543M CILIUM_INPUT  0    --  *      *       0.0.0.0/0            0.0.0.0/0            /* cilium-feeder: CILIUM_INPUT */
18660 1116K KUBE-PROXY-FIREWALL  0    --  *      *       0.0.0.0/0            0.0.0.0/0            ctstate NEW /* kubernetes load balancer firewall */
1294K  558M KUBE-NODEPORTS  0    --  *      *       0.0.0.0/0            0.0.0.0/0            /* kubernetes health check service ports */
18660 1116K KUBE-EXTERNAL-SERVICES  0    --  *      *       0.0.0.0/0            0.0.0.0/0            ctstate NEW /* kubernetes externally-visible service portals */
1303K  570M KUBE-FIREWALL  0    --  *      *       0.0.0.0/0            0.0.0.0/0           
 188K  356M ufw-before-logging-input  0    --  *      *       0.0.0.0/0            0.0.0.0/0           
 188K  356M ufw-before-input  0    --  *      *       0.0.0.0/0            0.0.0.0/0           
    4   364 ufw-after-input  0    --  *      *       0.0.0.0/0            0.0.0.0/0           
    4   364 ufw-after-logging-input  0    --  *      *       0.0.0.0/0            0.0.0.0/0           
    4   364 ufw-reject-input  0    --  *      *       0.0.0.0/0            0.0.0.0/0           
    4   364 ufw-track-input  0    --  *      *       0.0.0.0/0            0.0.0.0/0           

Chain FORWARD (policy DROP 0 packets, 0 bytes)
 pkts bytes target     prot opt in     out     source               destination         
  167  192K DOCKER-USER  0    --  *      *       0.0.0.0/0            0.0.0.0/0           
  167  192K DOCKER-FORWARD  0    --  *      *       0.0.0.0/0            0.0.0.0/0           
 1625  909K CILIUM_FORWARD  0    --  *      *       0.0.0.0/0            0.0.0.0/0            /* cilium-feeder: CILIUM_FORWARD */
    0     0 KUBE-PROXY-FIREWALL  0    --  *      *       0.0.0.0/0            0.0.0.0/0            ctstate NEW /* kubernetes load balancer firewall */
    0     0 KUBE-FORWARD  0    --  *      *       0.0.0.0/0            0.0.0.0/0            /* kubernetes forwarding rules */
    0     0 KUBE-SERVICES  0    --  *      *       0.0.0.0/0            0.0.0.0/0            ctstate NEW /* kubernetes service portals */
    0     0 KUBE-EXTERNAL-SERVICES  0    --  *      *       0.0.0.0/0            0.0.0.0/0            ctstate NEW /* kubernetes externally-visible service portals */
    0     0 ufw-before-logging-forward  0    --  *      *       0.0.0.0/0            0.0.0.0/0           
    0     0 ufw-before-forward  0    --  *      *       0.0.0.0/0            0.0.0.0/0           
    0     0 ufw-after-forward  0    --  *      *       0.0.0.0/0            0.0.0.0/0           
    0     0 ufw-after-logging-forward  0    --  *      *       0.0.0.0/0            0.0.0.0/0           
    0     0 ufw-reject-forward  0    --  *      *       0.0.0.0/0            0.0.0.0/0           
    0     0 ufw-track-forward  0    --  *      *       0.0.0.0/0            0.0.0.0/0           

Chain OUTPUT (policy ACCEPT 8 packets, 344 bytes)
 pkts bytes target     prot opt in     out     source               destination         
1272K  390M CILIUM_OUTPUT  0    --  *      *       0.0.0.0/0            0.0.0.0/0            /* cilium-feeder: CILIUM_OUTPUT */
28673 1735K KUBE-PROXY-FIREWALL  0    --  *      *       0.0.0.0/0            0.0.0.0/0            ctstate NEW /* kubernetes load balancer firewall */
28673 1735K KUBE-SERVICES  0    --  *      *       0.0.0.0/0            0.0.0.0/0            ctstate NEW /* kubernetes service portals */
1297K  417M KUBE-FIREWALL  0    --  *      *       0.0.0.0/0            0.0.0.0/0           
 170K  172M ufw-before-logging-output  0    --  *      *       0.0.0.0/0            0.0.0.0/0           
 170K  172M ufw-before-output  0    --  *      *       0.0.0.0/0            0.0.0.0/0           
 1115 68428 ufw-after-output  0    --  *      *       0.0.0.0/0            0.0.0.0/0           
 1115 68428 ufw-after-logging-output  0    --  *      *       0.0.0.0/0            0.0.0.0/0           
 1115 68428 ufw-reject-output  0    --  *      *       0.0.0.0/0            0.0.0.0/0           
 1115 68428 ufw-track-output  0    --  *      *       0.0.0.0/0            0.0.0.0/0           

Chain CILIUM_FORWARD (1 references)
 pkts bytes target     prot opt in     out     source               destination         
  994  819K ACCEPT     0    --  *      cilium_host  0.0.0.0/0            0.0.0.0/0            /* cilium: any->cluster on cilium_host forward accept */
    0     0 ACCEPT     0    --  cilium_host *       0.0.0.0/0            0.0.0.0/0            /* cilium: cluster->any on cilium_host forward accept (nodeport) */
  631 90330 ACCEPT     0    --  lxc+   *       0.0.0.0/0            0.0.0.0/0            /* cilium: cluster->any on lxc+ forward accept */
    0     0 ACCEPT     0    --  cilium_net *       0.0.0.0/0            0.0.0.0/0            /* cilium: cluster->any on cilium_net forward accept (nodeport) */

Chain CILIUM_INPUT (1 references)
 pkts bytes target     prot opt in     out     source               destination         
    0     0 ACCEPT     0    --  *      *       0.0.0.0/0            0.0.0.0/0            mark match 0x200/0xf00 /* cilium: ACCEPT for proxy traffic */

Chain CILIUM_OUTPUT (1 references)
 pkts bytes target     prot opt in     out     source               destination         
    0     0 ACCEPT     0    --  *      *       0.0.0.0/0            0.0.0.0/0            mark match 0xa00/0xe00 /* cilium: ACCEPT for proxy traffic */
    0     0 ACCEPT     0    --  *      *       0.0.0.0/0            0.0.0.0/0            mark match 0x800/0xe00 /* cilium: ACCEPT for l7 proxy upstream traffic */
1272K  390M MARK       0    --  *      *       0.0.0.0/0            0.0.0.0/0            mark match ! 0xe00/0xf00 mark match ! 0xd00/0xf00 mark match ! 0x400/0xf00 mark match ! 0xa00/0xe00 mark match ! 0x800/0xe00 mark match ! 0xf00/0xf00 /* cilium: host->any mark as from host */ MARK xset 0xc00/0xf00

Chain DOCKER (1 references)
 pkts bytes target     prot opt in     out     source               destination         
    0     0 DROP       0    --  !docker0 docker0  0.0.0.0/0            0.0.0.0/0           

Chain DOCKER-BRIDGE (1 references)
 pkts bytes target     prot opt in     out     source               destination         
    0     0 DOCKER     0    --  *      docker0  0.0.0.0/0            0.0.0.0/0           

Chain DOCKER-CT (1 references)
 pkts bytes target     prot opt in     out     source               destination         
    0     0 ACCEPT     0    --  *      docker0  0.0.0.0/0            0.0.0.0/0            ctstate RELATED,ESTABLISHED

Chain DOCKER-FORWARD (1 references)
 pkts bytes target     prot opt in     out     source               destination         
  167  192K DOCKER-CT  0    --  *      *       0.0.0.0/0            0.0.0.0/0           
  167  192K DOCKER-INTERNAL  0    --  *      *       0.0.0.0/0            0.0.0.0/0           
  167  192K DOCKER-BRIDGE  0    --  *      *       0.0.0.0/0            0.0.0.0/0           
    0     0 ACCEPT     0    --  docker0 *       0.0.0.0/0            0.0.0.0/0           

Chain DOCKER-INTERNAL (1 references)
 pkts bytes target     prot opt in     out     source               destination         

Chain DOCKER-USER (1 references)
 pkts bytes target     prot opt in     out     source               destination         

Chain KUBE-EXTERNAL-SERVICES (2 references)
 pkts bytes target     prot opt in     out     source               destination         

Chain KUBE-FIREWALL (2 references)
 pkts bytes target     prot opt in     out     source               destination         
    0     0 DROP       0    --  *      *      !127.0.0.0/8          127.0.0.0/8          /* block incoming localnet connections */ ! ctstate RELATED,ESTABLISHED,DNAT

Chain KUBE-FORWARD (1 references)
 pkts bytes target     prot opt in     out     source               destination         
    0     0 DROP       0    --  *      *       0.0.0.0/0            0.0.0.0/0            ctstate INVALID nfacct-name  ct_state_invalid_dropped_pkts
    0     0 ACCEPT     0    --  *      *       0.0.0.0/0            0.0.0.0/0            /* kubernetes forwarding rules */ mark match 0x4000/0x4000
    0     0 ACCEPT     0    --  *      *       0.0.0.0/0            0.0.0.0/0            /* kubernetes forwarding conntrack rule */ ctstate RELATED,ESTABLISHED

Chain KUBE-KUBELET-CANARY (0 references)
 pkts bytes target     prot opt in     out     source               destination         

Chain KUBE-NODEPORTS (1 references)
 pkts bytes target     prot opt in     out     source               destination         

Chain KUBE-PROXY-CANARY (0 references)
 pkts bytes target     prot opt in     out     source               destination         

Chain KUBE-PROXY-FIREWALL (3 references)
 pkts bytes target     prot opt in     out     source               destination         

Chain KUBE-SERVICES (2 references)
 pkts bytes target     prot opt in     out     source               destination         

Chain ufw-after-forward (1 references)
 pkts bytes target     prot opt in     out     source               destination         

Chain ufw-after-input (1 references)
 pkts bytes target     prot opt in     out     source               destination         
    0     0 ufw-skip-to-policy-input  17   --  *      *       0.0.0.0/0            0.0.0.0/0            udp dpt:137
    0     0 ufw-skip-to-policy-input  17   --  *      *       0.0.0.0/0            0.0.0.0/0            udp dpt:138
    0     0 ufw-skip-to-policy-input  6    --  *      *       0.0.0.0/0            0.0.0.0/0            tcp dpt:139
    0     0 ufw-skip-to-policy-input  6    --  *      *       0.0.0.0/0            0.0.0.0/0            tcp dpt:445
    0     0 ufw-skip-to-policy-input  17   --  *      *       0.0.0.0/0            0.0.0.0/0            udp dpt:67
    0     0 ufw-skip-to-policy-input  17   --  *      *       0.0.0.0/0            0.0.0.0/0            udp dpt:68
    0     0 ufw-skip-to-policy-input  0    --  *      *       0.0.0.0/0            0.0.0.0/0            ADDRTYPE match dst-type BROADCAST

Chain ufw-after-logging-forward (1 references)
 pkts bytes target     prot opt in     out     source               destination         
    0     0 LOG        0    --  *      *       0.0.0.0/0            0.0.0.0/0            limit: avg 3/min burst 10 LOG flags 0 level 4 prefix "[UFW BLOCK] "

Chain ufw-after-logging-input (1 references)
 pkts bytes target     prot opt in     out     source               destination         
    0     0 LOG        0    --  *      *       0.0.0.0/0            0.0.0.0/0            limit: avg 3/min burst 10 LOG flags 0 level 4 prefix "[UFW BLOCK] "

Chain ufw-after-logging-output (1 references)
 pkts bytes target     prot opt in     out     source               destination         

Chain ufw-after-output (1 references)
 pkts bytes target     prot opt in     out     source               destination         

Chain ufw-before-forward (1 references)
 pkts bytes target     prot opt in     out     source               destination         
    0     0 ACCEPT     0    --  *      *       0.0.0.0/0            0.0.0.0/0            ctstate RELATED,ESTABLISHED
    0     0 ACCEPT     1    --  *      *       0.0.0.0/0            0.0.0.0/0            icmptype 3
    0     0 ACCEPT     1    --  *      *       0.0.0.0/0            0.0.0.0/0            icmptype 11
    0     0 ACCEPT     1    --  *      *       0.0.0.0/0            0.0.0.0/0            icmptype 12
    0     0 ACCEPT     1    --  *      *       0.0.0.0/0            0.0.0.0/0            icmptype 8
    0     0 ufw-user-forward  0    --  *      *       0.0.0.0/0            0.0.0.0/0           

Chain ufw-before-input (1 references)
 pkts bytes target     prot opt in     out     source               destination         
 124K  119M ACCEPT     0    --  lo     *       0.0.0.0/0            0.0.0.0/0           
63962  237M ACCEPT     0    --  *      *       0.0.0.0/0            0.0.0.0/0            ctstate RELATED,ESTABLISHED
    0     0 ufw-logging-deny  0    --  *      *       0.0.0.0/0            0.0.0.0/0            ctstate INVALID
    0     0 DROP       0    --  *      *       0.0.0.0/0            0.0.0.0/0            ctstate INVALID
    0     0 ACCEPT     1    --  *      *       0.0.0.0/0            0.0.0.0/0            icmptype 3
    0     0 ACCEPT     1    --  *      *       0.0.0.0/0            0.0.0.0/0            icmptype 11
    0     0 ACCEPT     1    --  *      *       0.0.0.0/0            0.0.0.0/0            icmptype 12
    0     0 ACCEPT     1    --  *      *       0.0.0.0/0            0.0.0.0/0            icmptype 8
    0     0 ACCEPT     17   --  *      *       0.0.0.0/0            0.0.0.0/0            udp spt:67 dpt:68
   54  3150 ufw-not-local  0    --  *      *       0.0.0.0/0            0.0.0.0/0           
    0     0 ACCEPT     17   --  *      *       0.0.0.0/0            224.0.0.251          udp dpt:5353
    0     0 ACCEPT     17   --  *      *       0.0.0.0/0            239.255.255.250      udp dpt:1900
   54  3150 ufw-user-input  0    --  *      *       0.0.0.0/0            0.0.0.0/0           

Chain ufw-before-logging-forward (1 references)
 pkts bytes target     prot opt in     out     source               destination         

Chain ufw-before-logging-input (1 references)
 pkts bytes target     prot opt in     out     source               destination         

Chain ufw-before-logging-output (1 references)
 pkts bytes target     prot opt in     out     source               destination         

Chain ufw-before-output (1 references)
 pkts bytes target     prot opt in     out     source               destination         
 121K  118M ACCEPT     0    --  *      lo      0.0.0.0/0            0.0.0.0/0           
47199   54M ACCEPT     0    --  *      *       0.0.0.0/0            0.0.0.0/0            ctstate RELATED,ESTABLISHED
 1111 68064 ufw-user-output  0    --  *      *       0.0.0.0/0            0.0.0.0/0           

Chain ufw-logging-allow (0 references)
 pkts bytes target     prot opt in     out     source               destination         
    0     0 LOG        0    --  *      *       0.0.0.0/0            0.0.0.0/0            limit: avg 3/min burst 10 LOG flags 0 level 4 prefix "[UFW ALLOW] "

Chain ufw-logging-deny (2 references)
 pkts bytes target     prot opt in     out     source               destination         
    0     0 RETURN     0    --  *      *       0.0.0.0/0            0.0.0.0/0            ctstate INVALID limit: avg 3/min burst 10
    0     0 LOG        0    --  *      *       0.0.0.0/0            0.0.0.0/0            limit: avg 3/min burst 10 LOG flags 0 level 4 prefix "[UFW BLOCK] "

Chain ufw-not-local (1 references)
 pkts bytes target     prot opt in     out     source               destination         
   51  2916 RETURN     0    --  *      *       0.0.0.0/0            0.0.0.0/0            ADDRTYPE match dst-type LOCAL
    0     0 RETURN     0    --  *      *       0.0.0.0/0            0.0.0.0/0            ADDRTYPE match dst-type MULTICAST
    3   234 RETURN     0    --  *      *       0.0.0.0/0            0.0.0.0/0            ADDRTYPE match dst-type BROADCAST
    0     0 ufw-logging-deny  0    --  *      *       0.0.0.0/0            0.0.0.0/0            limit: avg 3/min burst 10
    0     0 DROP       0    --  *      *       0.0.0.0/0            0.0.0.0/0           

Chain ufw-reject-forward (1 references)
 pkts bytes target     prot opt in     out     source               destination         

Chain ufw-reject-input (1 references)
 pkts bytes target     prot opt in     out     source               destination         

Chain ufw-reject-output (1 references)
 pkts bytes target     prot opt in     out     source               destination         

Chain ufw-skip-to-policy-forward (0 references)
 pkts bytes target     prot opt in     out     source               destination         
    0     0 DROP       0    --  *      *       0.0.0.0/0            0.0.0.0/0           

Chain ufw-skip-to-policy-input (7 references)
 pkts bytes target     prot opt in     out     source               destination         
    0     0 DROP       0    --  *      *       0.0.0.0/0            0.0.0.0/0           

Chain ufw-skip-to-policy-output (0 references)
 pkts bytes target     prot opt in     out     source               destination         
    0     0 ACCEPT     0    --  *      *       0.0.0.0/0            0.0.0.0/0           

Chain ufw-track-forward (1 references)
 pkts bytes target     prot opt in     out     source               destination         

Chain ufw-track-input (1 references)
 pkts bytes target     prot opt in     out     source               destination         

Chain ufw-track-output (1 references)
 pkts bytes target     prot opt in     out     source               destination         
 1031 61860 ACCEPT     6    --  *      *       0.0.0.0/0            0.0.0.0/0            ctstate NEW
   72  5860 ACCEPT     17   --  *      *       0.0.0.0/0            0.0.0.0/0            ctstate NEW

Chain ufw-user-forward (1 references)
 pkts bytes target     prot opt in     out     source               destination         

Chain ufw-user-input (1 references)
 pkts bytes target     prot opt in     out     source               destination         
    0     0 ACCEPT     0    --  lo     *       0.0.0.0/0            0.0.0.0/0           
   12   624 ACCEPT     6    --  *      *       0.0.0.0/0            0.0.0.0/0            tcp dpt:22
    0     0 ACCEPT     6    --  *      *       0.0.0.0/0            0.0.0.0/0            tcp dpt:80
    6   312 ACCEPT     6    --  *      *       0.0.0.0/0            0.0.0.0/0            tcp dpt:443
    3   234 ACCEPT     0    --  *      *       192.168.157.0/24     0.0.0.0/0           
    0     0 ACCEPT     0    --  *      *       10.96.0.0/12         0.0.0.0/0           
   33  1980 ACCEPT     0    --  *      *       10.0.0.0/8           0.0.0.0/0           
    0     0 ACCEPT     0    --  flannel.1 *       0.0.0.0/0            0.0.0.0/0           
    0     0 ACCEPT     0    --  cni0   *       0.0.0.0/0            0.0.0.0/0           

Chain ufw-user-limit (0 references)
 pkts bytes target     prot opt in     out     source               destination         
    0     0 LOG        0    --  *      *       0.0.0.0/0            0.0.0.0/0            limit: avg 3/min burst 5 LOG flags 0 level 4 prefix "[UFW LIMIT BLOCK] "
    0     0 REJECT     0    --  *      *       0.0.0.0/0            0.0.0.0/0            reject-with icmp-port-unreachable

Chain ufw-user-limit-accept (0 references)
 pkts bytes target     prot opt in     out     source               destination         
    0     0 ACCEPT     0    --  *      *       0.0.0.0/0            0.0.0.0/0           

Chain ufw-user-logging-forward (0 references)
 pkts bytes target     prot opt in     out     source               destination         

Chain ufw-user-logging-input (0 references)
 pkts bytes target     prot opt in     out     source               destination         

Chain ufw-user-logging-output (0 references)
 pkts bytes target     prot opt in     out     source               destination         

Chain ufw-user-output (1 references)
 pkts bytes target     prot opt in     out     source               destination         
Chain PREROUTING (policy ACCEPT 0 packets, 0 bytes)
 pkts bytes target     prot opt in     out     source               destination         
 2330  123K CILIUM_PRE_nat  0    --  *      *       0.0.0.0/0            0.0.0.0/0            /* cilium-feeder: CILIUM_PRE_nat */
 2330  123K KUBE-SERVICES  0    --  *      *       0.0.0.0/0            0.0.0.0/0            /* kubernetes service portals */
   52  2968 DOCKER     0    --  *      *       0.0.0.0/0            0.0.0.0/0            ADDRTYPE match dst-type LOCAL

Chain INPUT (policy ACCEPT 0 packets, 0 bytes)
 pkts bytes target     prot opt in     out     source               destination         

Chain OUTPUT (policy ACCEPT 0 packets, 0 bytes)
 pkts bytes target     prot opt in     out     source               destination         
28032 1694K CILIUM_OUTPUT_nat  0    --  *      *       0.0.0.0/0            0.0.0.0/0            /* cilium-feeder: CILIUM_OUTPUT_nat */
28294 1710K KUBE-SERVICES  0    --  *      *       0.0.0.0/0            0.0.0.0/0            /* kubernetes service portals */
  717 42924 DOCKER     0    --  *      *       0.0.0.0/0           !127.0.0.0/8          ADDRTYPE match dst-type LOCAL

Chain POSTROUTING (policy ACCEPT 0 packets, 0 bytes)
 pkts bytes target     prot opt in     out     source               destination         
    0     0 MASQUERADE  0    --  *      !docker0  172.17.0.0/16        0.0.0.0/0           
27899 1687K CILIUM_POST_nat  0    --  *      *       0.0.0.0/0            0.0.0.0/0            /* cilium-feeder: CILIUM_POST_nat */
28061 1696K KUBE-POSTROUTING  0    --  *      *       0.0.0.0/0            0.0.0.0/0            /* kubernetes postrouting rules */

Chain CILIUM_OUTPUT_nat (1 references)
 pkts bytes target     prot opt in     out     source               destination         

Chain CILIUM_POST_nat (1 references)
 pkts bytes target     prot opt in     out     source               destination         
   95  6169 MASQUERADE  0    --  *      !cilium_+  10.0.0.0/24         !10.0.0.0/24          /* cilium masquerade non-cluster */
    0     0 ACCEPT     0    --  *      *       0.0.0.0/0            0.0.0.0/0            mark match 0xa00/0xe00 /* exclude proxy return traffic from masquerade */
    0     0 SNAT       0    --  *      cilium_host !10.0.0.0/24         !10.0.0.0/24          /* cilium host->cluster masquerade */ to:10.0.0.23
    0     0 SNAT       0    --  *      cilium_host  127.0.0.1            0.0.0.0/0            /* cilium host->cluster from 127.0.0.1 masquerade */ to:10.0.0.23
    0     0 SNAT       0    --  *      cilium_host  0.0.0.0/0            0.0.0.0/0            mark match 0xf00/0xf00 ctstate DNAT /* hairpin traffic that originated from a local pod */ to:10.0.0.23

Chain CILIUM_PRE_nat (1 references)
 pkts bytes target     prot opt in     out     source               destination         

Chain DOCKER (2 references)
 pkts bytes target     prot opt in     out     source               destination         

Chain KUBE-EXT-22NQRBTVFSMRMMGS (2 references)
 pkts bytes target     prot opt in     out     source               destination         
    0     0 KUBE-MARK-MASQ  0    --  *      *       0.0.0.0/0            0.0.0.0/0            /* masquerade traffic for infra/traefik:web external destinations */
    0     0 KUBE-SVC-22NQRBTVFSMRMMGS  0    --  *      *       0.0.0.0/0            0.0.0.0/0           

Chain KUBE-EXT-JOAZJGZRN4XNCXP5 (2 references)
 pkts bytes target     prot opt in     out     source               destination         
    0     0 KUBE-MARK-MASQ  0    --  *      *       0.0.0.0/0            0.0.0.0/0            /* masquerade traffic for infra/traefik:websecure external destinations */
    0     0 KUBE-SVC-JOAZJGZRN4XNCXP5  0    --  *      *       0.0.0.0/0            0.0.0.0/0           

Chain KUBE-KUBELET-CANARY (0 references)
 pkts bytes target     prot opt in     out     source               destination         

Chain KUBE-MARK-MASQ (55 references)
 pkts bytes target     prot opt in     out     source               destination         
   10   600 MARK       0    --  *      *       0.0.0.0/0            0.0.0.0/0            MARK or 0x4000

Chain KUBE-NODEPORTS (1 references)
 pkts bytes target     prot opt in     out     source               destination         
    0     0 KUBE-EXT-JOAZJGZRN4XNCXP5  6    --  *      *       0.0.0.0/0            127.0.0.0/8          /* infra/traefik:websecure */ tcp dpt:32130 nfacct-name  localhost_nps_accepted_pkts
    0     0 KUBE-EXT-JOAZJGZRN4XNCXP5  6    --  *      *       0.0.0.0/0            0.0.0.0/0            /* infra/traefik:websecure */ tcp dpt:32130
    0     0 KUBE-EXT-22NQRBTVFSMRMMGS  6    --  *      *       0.0.0.0/0            127.0.0.0/8          /* infra/traefik:web */ tcp dpt:32245 nfacct-name  localhost_nps_accepted_pkts
    0     0 KUBE-EXT-22NQRBTVFSMRMMGS  6    --  *      *       0.0.0.0/0            0.0.0.0/0            /* infra/traefik:web */ tcp dpt:32245

Chain KUBE-POSTROUTING (1 references)
 pkts bytes target     prot opt in     out     source               destination         
  168 10152 RETURN     0    --  *      *       0.0.0.0/0            0.0.0.0/0            mark match ! 0x4000/0x4000
    5   300 MARK       0    --  *      *       0.0.0.0/0            0.0.0.0/0            MARK xor 0x4000
    5   300 MASQUERADE  0    --  *      *       0.0.0.0/0            0.0.0.0/0            /* kubernetes service traffic requiring SNAT */ random-fully

Chain KUBE-PROXY-CANARY (0 references)
 pkts bytes target     prot opt in     out     source               destination         

Chain KUBE-SEP-2D7MR6C42FDBKNGO (1 references)
 pkts bytes target     prot opt in     out     source               destination         
    0     0 KUBE-MARK-MASQ  0    --  *      *       10.0.0.162           0.0.0.0/0            /* argocd/argocd-server:http */
    0     0 DNAT       6    --  *      *       0.0.0.0/0            0.0.0.0/0            /* argocd/argocd-server:http */ tcp to:10.0.0.162:8080

Chain KUBE-SEP-2EHEOYSEIYDGOFIG (1 references)
 pkts bytes target     prot opt in     out     source               destination         
    0     0 KUBE-MARK-MASQ  0    --  *      *       10.0.0.144           0.0.0.0/0            /* kube-system/metrics-server:https */
    7   420 DNAT       6    --  *      *       0.0.0.0/0            0.0.0.0/0            /* kube-system/metrics-server:https */ tcp to:10.0.0.144:10250

Chain KUBE-SEP-2UVJ5JAO4OUMONQD (1 references)
 pkts bytes target     prot opt in     out     source               destination         
    0     0 KUBE-MARK-MASQ  0    --  *      *       10.0.0.11            0.0.0.0/0            /* kube-system/kube-dns:dns */
    0     0 DNAT       17   --  *      *       0.0.0.0/0            0.0.0.0/0            /* kube-system/kube-dns:dns */ udp to:10.0.0.11:53

Chain KUBE-SEP-4QI5UUADO2BFSJP5 (1 references)
 pkts bytes target     prot opt in     out     source               destination         
    0     0 KUBE-MARK-MASQ  0    --  *      *       10.0.0.28            0.0.0.0/0            /* argocd/argocd-redis:redis */
    0     0 DNAT       6    --  *      *       0.0.0.0/0            0.0.0.0/0            /* argocd/argocd-redis:redis */ tcp to:10.0.0.28:6379

Chain KUBE-SEP-5CNXQ4WGQDREKTR5 (1 references)
 pkts bytes target     prot opt in     out     source               destination         
    0     0 KUBE-MARK-MASQ  0    --  *      *       10.0.0.12            0.0.0.0/0            /* argocd/argocd-applicationset-controller:http-webhook */
    0     0 DNAT       6    --  *      *       0.0.0.0/0            0.0.0.0/0            /* argocd/argocd-applicationset-controller:http-webhook */ tcp to:10.0.0.12:7000

Chain KUBE-SEP-5Y53CLTFVVBHXXH2 (1 references)
 pkts bytes target     prot opt in     out     source               destination         
    0     0 KUBE-MARK-MASQ  0    --  *      *       10.0.0.186           0.0.0.0/0            /* portfolio/portfolio-frontend-staging:http */
    0     0 DNAT       6    --  *      *       0.0.0.0/0            0.0.0.0/0            /* portfolio/portfolio-frontend-staging:http */ tcp to:10.0.0.186:3000

Chain KUBE-SEP-BPVXT4UDDULJDNMD (1 references)
 pkts bytes target     prot opt in     out     source               destination         
    0     0 KUBE-MARK-MASQ  0    --  *      *       10.0.0.234           0.0.0.0/0            /* kube-system/kube-dns:metrics */
    0     0 DNAT       6    --  *      *       0.0.0.0/0            0.0.0.0/0            /* kube-system/kube-dns:metrics */ tcp to:10.0.0.234:9153

Chain KUBE-SEP-D7RZ5EMOVHNPQU3I (1 references)
 pkts bytes target     prot opt in     out     source               destination         
    0     0 KUBE-MARK-MASQ  0    --  *      *       10.0.0.254           0.0.0.0/0            /* cert-manager/cert-manager-webhook:https */
    0     0 DNAT       6    --  *      *       0.0.0.0/0            0.0.0.0/0            /* cert-manager/cert-manager-webhook:https */ tcp to:10.0.0.254:10250

Chain KUBE-SEP-EBPCBRMYGT2NDO54 (1 references)
 pkts bytes target     prot opt in     out     source               destination         
    0     0 KUBE-MARK-MASQ  0    --  *      *       192.168.157.110      0.0.0.0/0            /* infra/traefik:web */
    0     0 DNAT       6    --  *      *       0.0.0.0/0            0.0.0.0/0            /* infra/traefik:web */ tcp to:192.168.157.110:80

Chain KUBE-SEP-F3TD2WCHHWOP32M4 (1 references)
 pkts bytes target     prot opt in     out     source               destination         
    5   300 KUBE-MARK-MASQ  0    --  *      *       192.168.157.110      0.0.0.0/0            /* default/kubernetes:https */
    5   300 DNAT       6    --  *      *       0.0.0.0/0            0.0.0.0/0            /* default/kubernetes:https */ tcp to:192.168.157.110:6443

Chain KUBE-SEP-FCJRALUH6T4OF6C4 (1 references)
 pkts bytes target     prot opt in     out     source               destination         
    0     0 KUBE-MARK-MASQ  0    --  *      *       10.0.0.234           0.0.0.0/0            /* kube-system/kube-dns:dns-tcp */
    0     0 DNAT       6    --  *      *       0.0.0.0/0            0.0.0.0/0            /* kube-system/kube-dns:dns-tcp */ tcp to:10.0.0.234:53

Chain KUBE-SEP-GELDLK2ULEKFLHQY (1 references)
 pkts bytes target     prot opt in     out     source               destination         
    0     0 KUBE-MARK-MASQ  0    --  *      *       10.0.0.237           0.0.0.0/0            /* argocd/argocd-dex-server:http */
    0     0 DNAT       6    --  *      *       0.0.0.0/0            0.0.0.0/0            /* argocd/argocd-dex-server:http */ tcp to:10.0.0.237:5556

Chain KUBE-SEP-GY5NGDK6JHS55JHP (1 references)
 pkts bytes target     prot opt in     out     source               destination         
    0     0 KUBE-MARK-MASQ  0    --  *      *       10.0.0.122           0.0.0.0/0            /* kube-system/hubble-relay */
    0     0 DNAT       6    --  *      *       0.0.0.0/0            0.0.0.0/0            /* kube-system/hubble-relay */ tcp to:10.0.0.122:4245

Chain KUBE-SEP-KSQNUHK3TLRIPMSQ (1 references)
 pkts bytes target     prot opt in     out     source               destination         
    0     0 KUBE-MARK-MASQ  0    --  *      *       10.0.0.240           0.0.0.0/0            /* portfolio/portfolio-backend-staging:http */
    0     0 DNAT       6    --  *      *       0.0.0.0/0            0.0.0.0/0            /* portfolio/portfolio-backend-staging:http */ tcp to:10.0.0.240:3001

Chain KUBE-SEP-LHWJSR4UG24TROWY (1 references)
 pkts bytes target     prot opt in     out     source               destination         
    0     0 KUBE-MARK-MASQ  0    --  *      *       10.0.0.237           0.0.0.0/0            /* argocd/argocd-dex-server:grpc */
    0     0 DNAT       6    --  *      *       0.0.0.0/0            0.0.0.0/0            /* argocd/argocd-dex-server:grpc */ tcp to:10.0.0.237:5557

Chain KUBE-SEP-M6NMMBMU3SC5OKJO (1 references)
 pkts bytes target     prot opt in     out     source               destination         
    0     0 KUBE-MARK-MASQ  0    --  *      *       10.0.0.130           0.0.0.0/0            /* argocd/argocd-repo-server:tcp-repo-server */
    0     0 DNAT       6    --  *      *       0.0.0.0/0            0.0.0.0/0            /* argocd/argocd-repo-server:tcp-repo-server */ tcp to:10.0.0.130:8081

Chain KUBE-SEP-NCIQXHSJFPH37DR2 (1 references)
 pkts bytes target     prot opt in     out     source               destination         
    0     0 KUBE-MARK-MASQ  0    --  *      *       10.0.0.170           0.0.0.0/0            /* cert-manager/cert-manager-cainjector:http-metrics */
    0     0 DNAT       6    --  *      *       0.0.0.0/0            0.0.0.0/0            /* cert-manager/cert-manager-cainjector:http-metrics */ tcp to:10.0.0.170:9402

Chain KUBE-SEP-NJJOPTEZJ7KDNMYV (1 references)
 pkts bytes target     prot opt in     out     source               destination         
    0     0 KUBE-MARK-MASQ  0    --  *      *       10.0.0.11            0.0.0.0/0            /* kube-system/kube-dns:metrics */
    0     0 DNAT       6    --  *      *       0.0.0.0/0            0.0.0.0/0            /* kube-system/kube-dns:metrics */ tcp to:10.0.0.11:9153

Chain KUBE-SEP-PJXLN2LDSB4VBB62 (1 references)
 pkts bytes target     prot opt in     out     source               destination         
    0     0 KUBE-MARK-MASQ  0    --  *      *       10.0.0.254           0.0.0.0/0            /* cert-manager/cert-manager-webhook:metrics */
    0     0 DNAT       6    --  *      *       0.0.0.0/0            0.0.0.0/0            /* cert-manager/cert-manager-webhook:metrics */ tcp to:10.0.0.254:9402

Chain KUBE-SEP-RUSCEQMBSKLESZJA (1 references)
 pkts bytes target     prot opt in     out     source               destination         
    0     0 KUBE-MARK-MASQ  0    --  *      *       10.0.0.83            0.0.0.0/0            /* kubernetes-dashboard/dashboard-metrics-scraper */
    0     0 DNAT       6    --  *      *       0.0.0.0/0            0.0.0.0/0            /* kubernetes-dashboard/dashboard-metrics-scraper */ tcp to:10.0.0.83:8000

Chain KUBE-SEP-SCLFKJPVOILXHNOS (1 references)
 pkts bytes target     prot opt in     out     source               destination         
    0     0 KUBE-MARK-MASQ  0    --  *      *       192.168.157.110      0.0.0.0/0            /* infra/traefik:websecure */
    0     0 DNAT       6    --  *      *       0.0.0.0/0            0.0.0.0/0            /* infra/traefik:websecure */ tcp to:192.168.157.110:443

Chain KUBE-SEP-T6YVEHA24Y7RAPUY (1 references)
 pkts bytes target     prot opt in     out     source               destination         
    0     0 KUBE-MARK-MASQ  0    --  *      *       10.0.0.196           0.0.0.0/0            /* cert-manager/cert-manager:tcp-prometheus-servicemonitor */
    0     0 DNAT       6    --  *      *       0.0.0.0/0            0.0.0.0/0            /* cert-manager/cert-manager:tcp-prometheus-servicemonitor */ tcp to:10.0.0.196:9402

Chain KUBE-SEP-TQQC7H2URI5IZ4DW (1 references)
 pkts bytes target     prot opt in     out     source               destination         
    0     0 KUBE-MARK-MASQ  0    --  *      *       10.0.0.162           0.0.0.0/0            /* argocd/argocd-server:https */
    0     0 DNAT       6    --  *      *       0.0.0.0/0            0.0.0.0/0            /* argocd/argocd-server:https */ tcp to:10.0.0.162:8080

Chain KUBE-SEP-TWGYKWVHCM6WTFBE (1 references)
 pkts bytes target     prot opt in     out     source               destination         
    0     0 KUBE-MARK-MASQ  0    --  *      *       192.168.157.110      0.0.0.0/0            /* kube-system/hubble-peer:peer-service */
    0     0 DNAT       6    --  *      *       0.0.0.0/0            0.0.0.0/0            /* kube-system/hubble-peer:peer-service */ tcp to:192.168.157.110:4244

Chain KUBE-SEP-TXXP36LGDFQ2SOWA (1 references)
 pkts bytes target     prot opt in     out     source               destination         
    0     0 KUBE-MARK-MASQ  0    --  *      *       10.0.0.11            0.0.0.0/0            /* kube-system/kube-dns:dns-tcp */
    0     0 DNAT       6    --  *      *       0.0.0.0/0            0.0.0.0/0            /* kube-system/kube-dns:dns-tcp */ tcp to:10.0.0.11:53

Chain KUBE-SEP-VRU5WZLQIYETCUXM (1 references)
 pkts bytes target     prot opt in     out     source               destination         
    0     0 KUBE-MARK-MASQ  0    --  *      *       10.0.0.128           0.0.0.0/0            /* kubernetes-dashboard/kubernetes-dashboard */
    0     0 DNAT       6    --  *      *       0.0.0.0/0            0.0.0.0/0            /* kubernetes-dashboard/kubernetes-dashboard */ tcp to:10.0.0.128:8443

Chain KUBE-SEP-XK7WICRGTKQY4X2P (1 references)
 pkts bytes target     prot opt in     out     source               destination         
    0     0 KUBE-MARK-MASQ  0    --  *      *       10.0.0.234           0.0.0.0/0            /* kube-system/kube-dns:dns */
    0     0 DNAT       17   --  *      *       0.0.0.0/0            0.0.0.0/0            /* kube-system/kube-dns:dns */ udp to:10.0.0.234:53

Chain KUBE-SEP-ZXP5G65SUEMMISXP (1 references)
 pkts bytes target     prot opt in     out     source               destination         
    0     0 KUBE-MARK-MASQ  0    --  *      *       10.0.0.227           0.0.0.0/0            /* kube-system/hubble-ui:http */
    0     0 DNAT       6    --  *      *       0.0.0.0/0            0.0.0.0/0            /* kube-system/hubble-ui:http */ tcp to:10.0.0.227:8081

Chain KUBE-SERVICES (2 references)
 pkts bytes target     prot opt in     out     source               destination         
    0     0 KUBE-SVC-E3IBCFULSWKQCT47  6    --  *      *       0.0.0.0/0            10.99.41.109         /* cert-manager/cert-manager:tcp-prometheus-servicemonitor cluster IP */ tcp dpt:9402
    5   300 KUBE-SVC-NPX46M4PTMTKRN6Y  6    --  *      *       0.0.0.0/0            10.96.0.1            /* default/kubernetes:https cluster IP */ tcp dpt:443
    0     0 KUBE-SVC-UEX2T42OGTNVXVWJ  6    --  *      *       0.0.0.0/0            10.102.234.78        /* argocd/argocd-dex-server:grpc cluster IP */ tcp dpt:5557
    0     0 KUBE-SVC-Z4ANX4WAEWEBLCTM  6    --  *      *       0.0.0.0/0            10.100.111.93        /* kube-system/metrics-server:https cluster IP */ tcp dpt:443
    0     0 KUBE-SVC-B3N5Q5M4GYMHJ5EB  6    --  *      *       0.0.0.0/0            10.102.234.78        /* argocd/argocd-dex-server:http cluster IP */ tcp dpt:5556
    0     0 KUBE-SVC-JOAZJGZRN4XNCXP5  6    --  *      *       0.0.0.0/0            10.111.108.228       /* infra/traefik:websecure cluster IP */ tcp dpt:443
    0     0 KUBE-SVL-NZTS37XDTDNXGCKJ  6    --  *      *       0.0.0.0/0            10.100.173.32        /* kube-system/hubble-peer:peer-service cluster IP */ tcp dpt:443
    0     0 KUBE-SVC-G4P4IPQ4JUEESJSA  6    --  *      *       0.0.0.0/0            10.99.160.180        /* argocd/argocd-server:http cluster IP */ tcp dpt:80
    0     0 KUBE-SVC-TCOU7JCQXEZGVUNU  17   --  *      *       0.0.0.0/0            10.96.0.10           /* kube-system/kube-dns:dns cluster IP */ udp dpt:53
    0     0 KUBE-SVC-Z6GDYMWE5TV2NNJN  6    --  *      *       0.0.0.0/0            10.105.183.211       /* kubernetes-dashboard/dashboard-metrics-scraper cluster IP */ tcp dpt:8000
    0     0 KUBE-SVC-WTM3EOQ2M5BXODYU  6    --  *      *       0.0.0.0/0            10.110.148.9         /* portfolio/portfolio-backend-staging:http cluster IP */ tcp dpt:3001
    0     0 KUBE-SVC-YB52WPSYJUWD3Q5L  6    --  *      *       0.0.0.0/0            10.110.174.135       /* portfolio/portfolio-frontend-staging:http cluster IP */ tcp dpt:3000
    0     0 KUBE-SVC-RGIIBWIGLZLGQUPM  6    --  *      *       0.0.0.0/0            10.103.100.31        /* cert-manager/cert-manager-cainjector:http-metrics cluster IP */ tcp dpt:9402
    0     0 KUBE-SVC-DZSQUIY5BXN7HSA3  6    --  *      *       0.0.0.0/0            10.104.165.146       /* kube-system/hubble-relay cluster IP */ tcp dpt:80
    0     0 KUBE-SVC-ZGWW2L4XLRSDZ3EF  6    --  *      *       0.0.0.0/0            10.97.194.45         /* kube-system/hubble-ui:http cluster IP */ tcp dpt:80
    0     0 KUBE-SVC-ENADVXJWDGX67EAO  6    --  *      *       0.0.0.0/0            10.103.22.175        /* argocd/argocd-repo-server:tcp-repo-server cluster IP */ tcp dpt:8081
    0     0 KUBE-SVC-A32MGCDFPRQGQDBB  6    --  *      *       0.0.0.0/0            10.99.160.180        /* argocd/argocd-server:https cluster IP */ tcp dpt:443
    0     0 KUBE-SVC-ZUD4L6KQKCHD52W4  6    --  *      *       0.0.0.0/0            10.110.50.62         /* cert-manager/cert-manager-webhook:https cluster IP */ tcp dpt:443
    0     0 KUBE-SVC-JD5MR3NA4I4DYORP  6    --  *      *       0.0.0.0/0            10.96.0.10           /* kube-system/kube-dns:metrics cluster IP */ tcp dpt:9153
    0     0 KUBE-SVC-CEZPIJSAUFW5MYPQ  6    --  *      *       0.0.0.0/0            10.100.71.214        /* kubernetes-dashboard/kubernetes-dashboard cluster IP */ tcp dpt:443
    0     0 KUBE-SVC-22NQRBTVFSMRMMGS  6    --  *      *       0.0.0.0/0            10.111.108.228       /* infra/traefik:web cluster IP */ tcp dpt:80
    0     0 KUBE-SVC-SALIQEH2VAATVE6Q  6    --  *      *       0.0.0.0/0            10.98.87.231         /* argocd/argocd-applicationset-controller:http-webhook cluster IP */ tcp dpt:7000
    0     0 KUBE-SVC-KMECTPXUBDWOU35U  6    --  *      *       0.0.0.0/0            10.110.50.62         /* cert-manager/cert-manager-webhook:metrics cluster IP */ tcp dpt:9402
    0     0 KUBE-SVC-ERIFXISQEP7F7OF4  6    --  *      *       0.0.0.0/0            10.96.0.10           /* kube-system/kube-dns:dns-tcp cluster IP */ tcp dpt:53
    0     0 KUBE-SVC-GXIP3VPYA3MQE7T4  6    --  *      *       0.0.0.0/0            10.105.106.82        /* argocd/argocd-redis:redis cluster IP */ tcp dpt:6379
  130  7816 KUBE-NODEPORTS  0    --  *      *       0.0.0.0/0            0.0.0.0/0            /* kubernetes service nodeports; NOTE: this must be the last rule in this chain */ ADDRTYPE match dst-type LOCAL

Chain KUBE-SVC-22NQRBTVFSMRMMGS (2 references)
 pkts bytes target     prot opt in     out     source               destination         
    0     0 KUBE-MARK-MASQ  6    --  *      *      !10.0.0.0/8           10.111.108.228       /* infra/traefik:web cluster IP */ tcp dpt:80
    0     0 KUBE-SEP-EBPCBRMYGT2NDO54  0    --  *      *       0.0.0.0/0            0.0.0.0/0            /* infra/traefik:web -> 192.168.157.110:80 */

Chain KUBE-SVC-A32MGCDFPRQGQDBB (1 references)
 pkts bytes target     prot opt in     out     source               destination         
    0     0 KUBE-MARK-MASQ  6    --  *      *      !10.0.0.0/8           10.99.160.180        /* argocd/argocd-server:https cluster IP */ tcp dpt:443
    0     0 KUBE-SEP-TQQC7H2URI5IZ4DW  0    --  *      *       0.0.0.0/0            0.0.0.0/0            /* argocd/argocd-server:https -> 10.0.0.162:8080 */

Chain KUBE-SVC-B3N5Q5M4GYMHJ5EB (1 references)
 pkts bytes target     prot opt in     out     source               destination         
    0     0 KUBE-MARK-MASQ  6    --  *      *      !10.0.0.0/8           10.102.234.78        /* argocd/argocd-dex-server:http cluster IP */ tcp dpt:5556
    0     0 KUBE-SEP-GELDLK2ULEKFLHQY  0    --  *      *       0.0.0.0/0            0.0.0.0/0            /* argocd/argocd-dex-server:http -> 10.0.0.237:5556 */

Chain KUBE-SVC-CEZPIJSAUFW5MYPQ (1 references)
 pkts bytes target     prot opt in     out     source               destination         
    0     0 KUBE-MARK-MASQ  6    --  *      *      !10.0.0.0/8           10.100.71.214        /* kubernetes-dashboard/kubernetes-dashboard cluster IP */ tcp dpt:443
    0     0 KUBE-SEP-VRU5WZLQIYETCUXM  0    --  *      *       0.0.0.0/0            0.0.0.0/0            /* kubernetes-dashboard/kubernetes-dashboard -> 10.0.0.128:8443 */

Chain KUBE-SVC-DZSQUIY5BXN7HSA3 (1 references)
 pkts bytes target     prot opt in     out     source               destination         
    0     0 KUBE-MARK-MASQ  6    --  *      *      !10.0.0.0/8           10.104.165.146       /* kube-system/hubble-relay cluster IP */ tcp dpt:80
    0     0 KUBE-SEP-GY5NGDK6JHS55JHP  0    --  *      *       0.0.0.0/0            0.0.0.0/0            /* kube-system/hubble-relay -> 10.0.0.122:4245 */

Chain KUBE-SVC-E3IBCFULSWKQCT47 (1 references)
 pkts bytes target     prot opt in     out     source               destination         
    0     0 KUBE-MARK-MASQ  6    --  *      *      !10.0.0.0/8           10.99.41.109         /* cert-manager/cert-manager:tcp-prometheus-servicemonitor cluster IP */ tcp dpt:9402
    0     0 KUBE-SEP-T6YVEHA24Y7RAPUY  0    --  *      *       0.0.0.0/0            0.0.0.0/0            /* cert-manager/cert-manager:tcp-prometheus-servicemonitor -> 10.0.0.196:9402 */

Chain KUBE-SVC-ENADVXJWDGX67EAO (1 references)
 pkts bytes target     prot opt in     out     source               destination         
    0     0 KUBE-MARK-MASQ  6    --  *      *      !10.0.0.0/8           10.103.22.175        /* argocd/argocd-repo-server:tcp-repo-server cluster IP */ tcp dpt:8081
    0     0 KUBE-SEP-M6NMMBMU3SC5OKJO  0    --  *      *       0.0.0.0/0            0.0.0.0/0            /* argocd/argocd-repo-server:tcp-repo-server -> 10.0.0.130:8081 */

Chain KUBE-SVC-ERIFXISQEP7F7OF4 (1 references)
 pkts bytes target     prot opt in     out     source               destination         
    0     0 KUBE-MARK-MASQ  6    --  *      *      !10.0.0.0/8           10.96.0.10           /* kube-system/kube-dns:dns-tcp cluster IP */ tcp dpt:53
    0     0 KUBE-SEP-TXXP36LGDFQ2SOWA  0    --  *      *       0.0.0.0/0            0.0.0.0/0            /* kube-system/kube-dns:dns-tcp -> 10.0.0.11:53 */ statistic mode random probability 0.50000000000
    0     0 KUBE-SEP-FCJRALUH6T4OF6C4  0    --  *      *       0.0.0.0/0            0.0.0.0/0            /* kube-system/kube-dns:dns-tcp -> 10.0.0.234:53 */

Chain KUBE-SVC-G4P4IPQ4JUEESJSA (1 references)
 pkts bytes target     prot opt in     out     source               destination         
    0     0 KUBE-MARK-MASQ  6    --  *      *      !10.0.0.0/8           10.99.160.180        /* argocd/argocd-server:http cluster IP */ tcp dpt:80
    0     0 KUBE-SEP-2D7MR6C42FDBKNGO  0    --  *      *       0.0.0.0/0            0.0.0.0/0            /* argocd/argocd-server:http -> 10.0.0.162:8080 */

Chain KUBE-SVC-GXIP3VPYA3MQE7T4 (1 references)
 pkts bytes target     prot opt in     out     source               destination         
    0     0 KUBE-MARK-MASQ  6    --  *      *      !10.0.0.0/8           10.105.106.82        /* argocd/argocd-redis:redis cluster IP */ tcp dpt:6379
    0     0 KUBE-SEP-4QI5UUADO2BFSJP5  0    --  *      *       0.0.0.0/0            0.0.0.0/0            /* argocd/argocd-redis:redis -> 10.0.0.28:6379 */

Chain KUBE-SVC-JD5MR3NA4I4DYORP (1 references)
 pkts bytes target     prot opt in     out     source               destination         
    0     0 KUBE-MARK-MASQ  6    --  *      *      !10.0.0.0/8           10.96.0.10           /* kube-system/kube-dns:metrics cluster IP */ tcp dpt:9153
    0     0 KUBE-SEP-NJJOPTEZJ7KDNMYV  0    --  *      *       0.0.0.0/0            0.0.0.0/0            /* kube-system/kube-dns:metrics -> 10.0.0.11:9153 */ statistic mode random probability 0.50000000000
    0     0 KUBE-SEP-BPVXT4UDDULJDNMD  0    --  *      *       0.0.0.0/0            0.0.0.0/0            /* kube-system/kube-dns:metrics -> 10.0.0.234:9153 */

Chain KUBE-SVC-JOAZJGZRN4XNCXP5 (2 references)
 pkts bytes target     prot opt in     out     source               destination         
    0     0 KUBE-MARK-MASQ  6    --  *      *      !10.0.0.0/8           10.111.108.228       /* infra/traefik:websecure cluster IP */ tcp dpt:443
    0     0 KUBE-SEP-SCLFKJPVOILXHNOS  0    --  *      *       0.0.0.0/0            0.0.0.0/0            /* infra/traefik:websecure -> 192.168.157.110:443 */

Chain KUBE-SVC-KMECTPXUBDWOU35U (1 references)
 pkts bytes target     prot opt in     out     source               destination         
    0     0 KUBE-MARK-MASQ  6    --  *      *      !10.0.0.0/8           10.110.50.62         /* cert-manager/cert-manager-webhook:metrics cluster IP */ tcp dpt:9402
    0     0 KUBE-SEP-PJXLN2LDSB4VBB62  0    --  *      *       0.0.0.0/0            0.0.0.0/0            /* cert-manager/cert-manager-webhook:metrics -> 10.0.0.254:9402 */

Chain KUBE-SVC-NPX46M4PTMTKRN6Y (1 references)
 pkts bytes target     prot opt in     out     source               destination         
    5   300 KUBE-MARK-MASQ  6    --  *      *      !10.0.0.0/8           10.96.0.1            /* default/kubernetes:https cluster IP */ tcp dpt:443
    5   300 KUBE-SEP-F3TD2WCHHWOP32M4  0    --  *      *       0.0.0.0/0            0.0.0.0/0            /* default/kubernetes:https -> 192.168.157.110:6443 */

Chain KUBE-SVC-RGIIBWIGLZLGQUPM (1 references)
 pkts bytes target     prot opt in     out     source               destination         
    0     0 KUBE-MARK-MASQ  6    --  *      *      !10.0.0.0/8           10.103.100.31        /* cert-manager/cert-manager-cainjector:http-metrics cluster IP */ tcp dpt:9402
    0     0 KUBE-SEP-NCIQXHSJFPH37DR2  0    --  *      *       0.0.0.0/0            0.0.0.0/0            /* cert-manager/cert-manager-cainjector:http-metrics -> 10.0.0.170:9402 */

Chain KUBE-SVC-SALIQEH2VAATVE6Q (1 references)
 pkts bytes target     prot opt in     out     source               destination         
    0     0 KUBE-MARK-MASQ  6    --  *      *      !10.0.0.0/8           10.98.87.231         /* argocd/argocd-applicationset-controller:http-webhook cluster IP */ tcp dpt:7000
    0     0 KUBE-SEP-5CNXQ4WGQDREKTR5  0    --  *      *       0.0.0.0/0            0.0.0.0/0            /* argocd/argocd-applicationset-controller:http-webhook -> 10.0.0.12:7000 */

Chain KUBE-SVC-TCOU7JCQXEZGVUNU (1 references)
 pkts bytes target     prot opt in     out     source               destination         
    0     0 KUBE-MARK-MASQ  17   --  *      *      !10.0.0.0/8           10.96.0.10           /* kube-system/kube-dns:dns cluster IP */ udp dpt:53
    0     0 KUBE-SEP-2UVJ5JAO4OUMONQD  0    --  *      *       0.0.0.0/0            0.0.0.0/0            /* kube-system/kube-dns:dns -> 10.0.0.11:53 */ statistic mode random probability 0.50000000000
    0     0 KUBE-SEP-XK7WICRGTKQY4X2P  0    --  *      *       0.0.0.0/0            0.0.0.0/0            /* kube-system/kube-dns:dns -> 10.0.0.234:53 */

Chain KUBE-SVC-UEX2T42OGTNVXVWJ (1 references)
 pkts bytes target     prot opt in     out     source               destination         
    0     0 KUBE-MARK-MASQ  6    --  *      *      !10.0.0.0/8           10.102.234.78        /* argocd/argocd-dex-server:grpc cluster IP */ tcp dpt:5557
    0     0 KUBE-SEP-LHWJSR4UG24TROWY  0    --  *      *       0.0.0.0/0            0.0.0.0/0            /* argocd/argocd-dex-server:grpc -> 10.0.0.237:5557 */

Chain KUBE-SVC-WTM3EOQ2M5BXODYU (1 references)
 pkts bytes target     prot opt in     out     source               destination         
    0     0 KUBE-MARK-MASQ  6    --  *      *      !10.0.0.0/8           10.110.148.9         /* portfolio/portfolio-backend-staging:http cluster IP */ tcp dpt:3001
    0     0 KUBE-SEP-KSQNUHK3TLRIPMSQ  0    --  *      *       0.0.0.0/0            0.0.0.0/0            /* portfolio/portfolio-backend-staging:http -> 10.0.0.240:3001 */

Chain KUBE-SVC-YB52WPSYJUWD3Q5L (1 references)
 pkts bytes target     prot opt in     out     source               destination         
    0     0 KUBE-MARK-MASQ  6    --  *      *      !10.0.0.0/8           10.110.174.135       /* portfolio/portfolio-frontend-staging:http cluster IP */ tcp dpt:3000
    0     0 KUBE-SEP-5Y53CLTFVVBHXXH2  0    --  *      *       0.0.0.0/0            0.0.0.0/0            /* portfolio/portfolio-frontend-staging:http -> 10.0.0.186:3000 */

Chain KUBE-SVC-Z4ANX4WAEWEBLCTM (1 references)
 pkts bytes target     prot opt in     out     source               destination         
    7   420 KUBE-MARK-MASQ  6    --  *      *      !10.0.0.0/8           10.100.111.93        /* kube-system/metrics-server:https cluster IP */ tcp dpt:443
    7   420 KUBE-SEP-2EHEOYSEIYDGOFIG  0    --  *      *       0.0.0.0/0            0.0.0.0/0            /* kube-system/metrics-server:https -> 10.0.0.144:10250 */

Chain KUBE-SVC-Z6GDYMWE5TV2NNJN (1 references)
 pkts bytes target     prot opt in     out     source               destination         
    0     0 KUBE-MARK-MASQ  6    --  *      *      !10.0.0.0/8           10.105.183.211       /* kubernetes-dashboard/dashboard-metrics-scraper cluster IP */ tcp dpt:8000
    0     0 KUBE-SEP-RUSCEQMBSKLESZJA  0    --  *      *       0.0.0.0/0            0.0.0.0/0            /* kubernetes-dashboard/dashboard-metrics-scraper -> 10.0.0.83:8000 */

Chain KUBE-SVC-ZGWW2L4XLRSDZ3EF (1 references)
 pkts bytes target     prot opt in     out     source               destination         
    0     0 KUBE-MARK-MASQ  6    --  *      *      !10.0.0.0/8           10.97.194.45         /* kube-system/hubble-ui:http cluster IP */ tcp dpt:80
    0     0 KUBE-SEP-ZXP5G65SUEMMISXP  0    --  *      *       0.0.0.0/0            0.0.0.0/0            /* kube-system/hubble-ui:http -> 10.0.0.227:8081 */

Chain KUBE-SVC-ZUD4L6KQKCHD52W4 (1 references)
 pkts bytes target     prot opt in     out     source               destination         
    0     0 KUBE-MARK-MASQ  6    --  *      *      !10.0.0.0/8           10.110.50.62         /* cert-manager/cert-manager-webhook:https cluster IP */ tcp dpt:443
    0     0 KUBE-SEP-D7RZ5EMOVHNPQU3I  0    --  *      *       0.0.0.0/0            0.0.0.0/0            /* cert-manager/cert-manager-webhook:https -> 10.0.0.254:10250 */

Chain KUBE-SVL-NZTS37XDTDNXGCKJ (1 references)
 pkts bytes target     prot opt in     out     source               destination         
    0     0 KUBE-MARK-MASQ  6    --  *      *      !10.0.0.0/8           10.100.173.32        /* kube-system/hubble-peer:peer-service cluster IP */ tcp dpt:443
    0     0 KUBE-SEP-TWGYKWVHCM6WTFBE  0    --  *      *       0.0.0.0/0            0.0.0.0/0            /* kube-system/hubble-peer:peer-service -> 192.168.157.110:4244 */
table ip mangle {
	chain KUBE-IPTABLES-HINT {
	}

	chain KUBE-KUBELET-CANARY {
	}

	chain KUBE-PROXY-CANARY {
	}

	chain POSTROUTING {
		type filter hook postrouting priority mangle; policy accept;
		 counter packets 1273481 bytes 390847626 jump CILIUM_POST_mangle
	}

	chain PREROUTING {
		type filter hook prerouting priority mangle; policy accept;
		 counter packets 1280334 bytes 543994966 jump CILIUM_PRE_mangle
	}

	chain CILIUM_POST_mangle {
	}

	chain CILIUM_PRE_mangle {
		oifname != "lo" xt match "socket" meta mark & 0x00000f00 != 0x00000e00 meta mark & 0x00000f00 != 0x00000800  counter packets 0 bytes 0 meta mark set 0x200
		meta l4proto tcp meta mark 0x3fb10200  counter packets 0 bytes 0 xt target "TPROXY"
		meta l4proto udp meta mark 0x3fb10200  counter packets 0 bytes 0 xt target "TPROXY"
	}
}
table ip filter {
	chain KUBE-FIREWALL {
		ip saddr != 127.0.0.0/8 ip daddr 127.0.0.0/8  ct status dnat counter packets 0 bytes 0 drop
	}

	chain OUTPUT {
		type filter hook output priority filter; policy accept;
		 counter packets 1272089 bytes 389952354 jump CILIUM_OUTPUT
		ct state new  counter packets 28684 bytes 1735306 jump KUBE-PROXY-FIREWALL
		ct state new  counter packets 28684 bytes 1735306 jump KUBE-SERVICES
		counter packets 1296834 bytes 417037133 jump KUBE-FIREWALL
		counter packets 169740 bytes 172479522 jump ufw-before-logging-output
		counter packets 169740 bytes 172479522 jump ufw-before-output
		counter packets 1117 bytes 68548 jump ufw-after-output
		counter packets 1117 bytes 68548 jump ufw-after-logging-output
		counter packets 1117 bytes 68548 jump ufw-reject-output
		counter packets 1117 bytes 68548 jump ufw-track-output
	}

	chain INPUT {
		type filter hook input priority filter; policy drop;
		 counter packets 1278705 bytes 543085498 jump CILIUM_INPUT
		ct state new  counter packets 18671 bytes 1116565 jump KUBE-PROXY-FIREWALL
		 counter packets 1294405 bytes 557927512 jump KUBE-NODEPORTS
		ct state new  counter packets 18671 bytes 1116565 jump KUBE-EXTERNAL-SERVICES
		counter packets 1303437 bytes 570169153 jump KUBE-FIREWALL
		counter packets 188353 bytes 356103384 jump ufw-before-logging-input
		counter packets 188353 bytes 356103384 jump ufw-before-input
		counter packets 4 bytes 364 jump ufw-after-input
		counter packets 4 bytes 364 jump ufw-after-logging-input
		counter packets 4 bytes 364 jump ufw-reject-input
		counter packets 4 bytes 364 jump ufw-track-input
	}

	chain KUBE-KUBELET-CANARY {
	}

	chain KUBE-PROXY-CANARY {
	}

	chain KUBE-EXTERNAL-SERVICES {
	}

	chain FORWARD {
		type filter hook forward priority filter; policy drop;
		counter packets 167 bytes 191623 jump DOCKER-USER
		counter packets 167 bytes 191623 jump DOCKER-FORWARD
		 counter packets 1625 bytes 909252 jump CILIUM_FORWARD
		ct state new  counter packets 0 bytes 0 jump KUBE-PROXY-FIREWALL
		 counter packets 0 bytes 0 jump KUBE-FORWARD
		ct state new  counter packets 0 bytes 0 jump KUBE-SERVICES
		ct state new  counter packets 0 bytes 0 jump KUBE-EXTERNAL-SERVICES
		counter packets 0 bytes 0 jump ufw-before-logging-forward
		counter packets 0 bytes 0 jump ufw-before-forward
		counter packets 0 bytes 0 jump ufw-after-forward
		counter packets 0 bytes 0 jump ufw-after-logging-forward
		counter packets 0 bytes 0 jump ufw-reject-forward
		counter packets 0 bytes 0 jump ufw-track-forward
	}

	chain KUBE-NODEPORTS {
	}

	chain KUBE-SERVICES {
	}

	chain KUBE-FORWARD {
		ct state invalid xt match "nfacct" counter packets 0 bytes 0 drop
		 meta mark & 0x00004000 == 0x00004000 counter packets 0 bytes 0 accept
		 ct state related,established counter packets 0 bytes 0 accept
	}

	chain KUBE-PROXY-FIREWALL {
	}

	chain CILIUM_INPUT {
		meta mark & 0x00000f00 == 0x00000200  counter packets 0 bytes 0 accept
	}

	chain CILIUM_OUTPUT {
		meta mark & 0x00000e00 == 0x00000a00  counter packets 0 bytes 0 accept
		meta mark & 0x00000e00 == 0x00000800  counter packets 0 bytes 0 accept
		meta mark & 0x00000f00 != 0x00000e00 meta mark & 0x00000f00 != 0x00000d00 meta mark & 0x00000f00 != 0x00000400 meta mark & 0x00000e00 != 0x00000a00 meta mark & 0x00000e00 != 0x00000800 meta mark & 0x00000f00 != 0x00000f00  counter packets 1272089 bytes 389952354 meta mark set mark and 0xfffff0ff xor 0xc00
	}

	chain CILIUM_FORWARD {
		oifname "cilium_host"  counter packets 994 bytes 818922 accept
		iifname "cilium_host"  counter packets 0 bytes 0 accept
		iifname "lxc*"  counter packets 631 bytes 90330 accept
		iifname "cilium_net"  counter packets 0 bytes 0 accept
	}

	chain ufw-before-logging-input {
	}

	chain ufw-before-logging-output {
	}

	chain ufw-before-logging-forward {
	}

	chain ufw-before-input {
		iifname "lo" counter packets 124263 bytes 118596941 accept
		ct state related,established counter packets 64030 bytes 237502825 accept
		ct state invalid counter packets 0 bytes 0 jump ufw-logging-deny
		ct state invalid counter packets 0 bytes 0 drop
		ip protocol icmp icmp type destination-unreachable counter packets 0 bytes 0 accept
		ip protocol icmp icmp type time-exceeded counter packets 0 bytes 0 accept
		ip protocol icmp icmp type parameter-problem counter packets 0 bytes 0 accept
		ip protocol icmp icmp type echo-request counter packets 0 bytes 0 accept
		udp sport 67 udp dport 68 counter packets 0 bytes 0 accept
		counter packets 56 bytes 3254 jump ufw-not-local
		ip daddr 224.0.0.251 udp dport 5353 counter packets 0 bytes 0 accept
		ip daddr 239.255.255.250 udp dport 1900 counter packets 0 bytes 0 accept
		counter packets 56 bytes 3254 jump ufw-user-input
	}

	chain ufw-before-output {
		oifname "lo" counter packets 121363 bytes 118189237 accept
		ct state related,established counter packets 47260 bytes 54221737 accept
		counter packets 1113 bytes 68184 jump ufw-user-output
	}

	chain ufw-before-forward {
		ct state related,established counter packets 0 bytes 0 accept
		ip protocol icmp icmp type destination-unreachable counter packets 0 bytes 0 accept
		ip protocol icmp icmp type time-exceeded counter packets 0 bytes 0 accept
		ip protocol icmp icmp type parameter-problem counter packets 0 bytes 0 accept
		ip protocol icmp icmp type echo-request counter packets 0 bytes 0 accept
		counter packets 0 bytes 0 jump ufw-user-forward
	}

	chain ufw-after-input {
		udp dport 137 counter packets 0 bytes 0 jump ufw-skip-to-policy-input
		udp dport 138 counter packets 0 bytes 0 jump ufw-skip-to-policy-input
		tcp dport 139 counter packets 0 bytes 0 jump ufw-skip-to-policy-input
		tcp dport 445 counter packets 0 bytes 0 jump ufw-skip-to-policy-input
		udp dport 67 counter packets 0 bytes 0 jump ufw-skip-to-policy-input
		udp dport 68 counter packets 0 bytes 0 jump ufw-skip-to-policy-input
		fib daddr type broadcast counter packets 0 bytes 0 jump ufw-skip-to-policy-input
	}

	chain ufw-after-output {
	}

	chain ufw-after-forward {
	}

	chain ufw-after-logging-input {
		limit rate 3/minute burst 10 packets counter packets 0 bytes 0 log prefix "[UFW BLOCK] "
	}

	chain ufw-after-logging-output {
	}

	chain ufw-after-logging-forward {
		limit rate 3/minute burst 10 packets counter packets 0 bytes 0 log prefix "[UFW BLOCK] "
	}

	chain ufw-reject-input {
	}

	chain ufw-reject-output {
	}

	chain ufw-reject-forward {
	}

	chain ufw-track-input {
	}

	chain ufw-track-output {
		ip protocol tcp ct state new counter packets 1033 bytes 61980 accept
		ip protocol udp ct state new counter packets 72 bytes 5860 accept
	}

	chain ufw-track-forward {
	}

	chain ufw-logging-deny {
		ct state invalid limit rate 3/minute burst 10 packets counter packets 0 bytes 0 return
		limit rate 3/minute burst 10 packets counter packets 0 bytes 0 log prefix "[UFW BLOCK] "
	}

	chain ufw-logging-allow {
		limit rate 3/minute burst 10 packets counter packets 0 bytes 0 log prefix "[UFW ALLOW] "
	}

	chain ufw-skip-to-policy-input {
		counter packets 0 bytes 0 drop
	}

	chain ufw-skip-to-policy-output {
		counter packets 0 bytes 0 accept
	}

	chain ufw-skip-to-policy-forward {
		counter packets 0 bytes 0 drop
	}

	chain ufw-not-local {
		fib daddr type local counter packets 53 bytes 3020 return
		fib daddr type multicast counter packets 0 bytes 0 return
		fib daddr type broadcast counter packets 3 bytes 234 return
		limit rate 3/minute burst 10 packets counter packets 0 bytes 0 jump ufw-logging-deny
		counter packets 0 bytes 0 drop
	}

	chain ufw-user-input {
		iifname "lo" counter packets 0 bytes 0 accept
		tcp dport 22 counter packets 14 bytes 728 accept
		tcp dport 80 counter packets 0 bytes 0 accept
		tcp dport 443 counter packets 6 bytes 312 accept
		ip saddr 192.168.157.0/24 counter packets 3 bytes 234 accept
		ip saddr 10.96.0.0/12 counter packets 0 bytes 0 accept
		ip saddr 10.0.0.0/8 counter packets 33 bytes 1980 accept
		iifname "flannel.1" counter packets 0 bytes 0 accept
		iifname "cni0" counter packets 0 bytes 0 accept
	}

	chain ufw-user-output {
	}

	chain ufw-user-forward {
	}

	chain ufw-user-logging-input {
	}

	chain ufw-user-logging-output {
	}

	chain ufw-user-logging-forward {
	}

	chain ufw-user-limit {
		limit rate 3/minute burst 5 packets counter packets 0 bytes 0 log prefix "[UFW LIMIT BLOCK] "
		counter packets 0 bytes 0 reject
	}

	chain ufw-user-limit-accept {
		counter packets 0 bytes 0 accept
	}

	chain DOCKER {
		iifname != "docker0" oifname "docker0" counter packets 0 bytes 0 drop
	}

	chain DOCKER-FORWARD {
		counter packets 167 bytes 191623 jump DOCKER-CT
		counter packets 167 bytes 191623 jump DOCKER-INTERNAL
		counter packets 167 bytes 191623 jump DOCKER-BRIDGE
		iifname "docker0" counter packets 0 bytes 0 accept
	}

	chain DOCKER-BRIDGE {
		oifname "docker0" counter packets 0 bytes 0 jump DOCKER
	}

	chain DOCKER-CT {
		oifname "docker0" ct state related,established counter packets 0 bytes 0 accept
	}

	chain DOCKER-INTERNAL {
	}

	chain DOCKER-USER {
	}
}
table ip6 mangle {
	chain KUBE-IPTABLES-HINT {
	}

	chain KUBE-KUBELET-CANARY {
	}

	chain KUBE-PROXY-CANARY {
	}
}
table ip6 nat {
	chain KUBE-KUBELET-CANARY {
	}

	chain KUBE-PROXY-CANARY {
	}

	chain KUBE-SERVICES {
		ip6 daddr != ::1  fib daddr type local counter packets 0 bytes 0 jump KUBE-NODEPORTS
	}

	chain OUTPUT {
		type nat hook output priority dstnat; policy accept;
		 counter packets 34 bytes 2720 jump KUBE-SERVICES
		ip6 daddr != ::1 fib daddr type local counter packets 0 bytes 0 jump DOCKER
	}

	chain PREROUTING {
		type nat hook prerouting priority dstnat; policy accept;
		 counter packets 0 bytes 0 jump KUBE-SERVICES
		fib daddr type local counter packets 0 bytes 0 jump DOCKER
	}

	chain KUBE-POSTROUTING {
		meta mark & 0x00004000 != 0x00004000 counter packets 32 bytes 2560 return
		counter packets 0 bytes 0 meta mark set mark xor 0x4000
		 counter packets 0 bytes 0 masquerade fully-random
	}

	chain POSTROUTING {
		type nat hook postrouting priority srcnat; policy accept;
		 counter packets 34 bytes 2720 jump KUBE-POSTROUTING
	}

	chain KUBE-NODEPORTS {
	}

	chain KUBE-MARK-MASQ {
		counter packets 0 bytes 0 meta mark set mark or 0x4000
	}

	chain DOCKER {
	}
}
table ip6 filter {
	chain KUBE-KUBELET-CANARY {
	}

	chain KUBE-PROXY-CANARY {
	}

	chain KUBE-EXTERNAL-SERVICES {
	}

	chain INPUT {
		type filter hook input priority filter; policy drop;
		counter packets 19979 bytes 24858417 jump KUBE-FIREWALL
		ct state new  counter packets 35 bytes 2830 jump KUBE-PROXY-FIREWALL
		 counter packets 19990 bytes 24862826 jump KUBE-NODEPORTS
		ct state new  counter packets 35 bytes 2830 jump KUBE-EXTERNAL-SERVICES
		counter packets 4486 bytes 19891648 jump ufw6-before-logging-input
		counter packets 4486 bytes 19891648 jump ufw6-before-input
		counter packets 0 bytes 0 jump ufw6-after-input
		counter packets 0 bytes 0 jump ufw6-after-logging-input
		counter packets 0 bytes 0 jump ufw6-reject-input
		counter packets 0 bytes 0 jump ufw6-track-input
	}

	chain FORWARD {
		type filter hook forward priority filter; policy drop;
		counter packets 0 bytes 0 jump DOCKER-USER
		counter packets 0 bytes 0 jump DOCKER-FORWARD
		ct state new  counter packets 0 bytes 0 jump KUBE-PROXY-FIREWALL
		 counter packets 0 bytes 0 jump KUBE-FORWARD
		ct state new  counter packets 0 bytes 0 jump KUBE-SERVICES
		ct state new  counter packets 0 bytes 0 jump KUBE-EXTERNAL-SERVICES
		counter packets 0 bytes 0 jump ufw6-before-logging-forward
		counter packets 0 bytes 0 jump ufw6-before-forward
		counter packets 0 bytes 0 jump ufw6-after-forward
		counter packets 0 bytes 0 jump ufw6-after-logging-forward
		counter packets 0 bytes 0 jump ufw6-reject-forward
		counter packets 0 bytes 0 jump ufw6-track-forward
	}

	chain KUBE-NODEPORTS {
	}

	chain KUBE-SERVICES {
	}

	chain OUTPUT {
		type filter hook output priority filter; policy accept;
		counter packets 20470 bytes 24889185 jump KUBE-FIREWALL
		ct state new  counter packets 35 bytes 2830 jump KUBE-PROXY-FIREWALL
		ct state new  counter packets 35 bytes 2830 jump KUBE-SERVICES
		counter packets 4580 bytes 19897776 jump ufw6-before-logging-output
		counter packets 4580 bytes 19897776 jump ufw6-before-output
		counter packets 18 bytes 1368 jump ufw6-after-output
		counter packets 18 bytes 1368 jump ufw6-after-logging-output
		counter packets 18 bytes 1368 jump ufw6-reject-output
		counter packets 18 bytes 1368 jump ufw6-track-output
	}

	chain KUBE-FORWARD {
		ct state invalid xt match "nfacct" counter packets 0 bytes 0 drop
		 meta mark & 0x00004000 == 0x00004000 counter packets 0 bytes 0 accept
		 ct state related,established counter packets 0 bytes 0 accept
	}

	chain KUBE-PROXY-FIREWALL {
	}

	chain KUBE-FIREWALL {
	}

	chain ufw6-before-logging-input {
	}

	chain ufw6-before-logging-output {
	}

	chain ufw6-before-logging-forward {
	}

	chain ufw6-before-input {
		iifname "lo" counter packets 4486 bytes 19891648 accept
		rt type 0 counter packets 0 bytes 0 drop
		ct state related,established counter packets 0 bytes 0 accept
		meta l4proto ipv6-icmp icmpv6 type echo-reply counter packets 0 bytes 0 accept
		ct state invalid counter packets 0 bytes 0 jump ufw6-logging-deny
		ct state invalid counter packets 0 bytes 0 drop
		meta l4proto ipv6-icmp icmpv6 type destination-unreachable counter packets 0 bytes 0 accept
		meta l4proto ipv6-icmp icmpv6 type packet-too-big counter packets 0 bytes 0 accept
		meta l4proto ipv6-icmp icmpv6 type time-exceeded counter packets 0 bytes 0 accept
		meta l4proto ipv6-icmp icmpv6 type parameter-problem counter packets 0 bytes 0 accept
		meta l4proto ipv6-icmp icmpv6 type echo-request counter packets 0 bytes 0 accept
		meta l4proto ipv6-icmp icmpv6 type nd-router-solicit ip6 hoplimit 255 counter packets 0 bytes 0 accept
		meta l4proto ipv6-icmp icmpv6 type nd-router-advert ip6 hoplimit 255 counter packets 0 bytes 0 accept
		meta l4proto ipv6-icmp icmpv6 type nd-neighbor-solicit ip6 hoplimit 255 counter packets 0 bytes 0 accept
		meta l4proto ipv6-icmp icmpv6 type nd-neighbor-advert ip6 hoplimit 255 counter packets 0 bytes 0 accept
		meta l4proto ipv6-icmp xt match "icmp6" ip6 hoplimit 255 counter packets 0 bytes 0 accept
		meta l4proto ipv6-icmp xt match "icmp6" ip6 hoplimit 255 counter packets 0 bytes 0 accept
		ip6 saddr fe80::/10 meta l4proto ipv6-icmp icmpv6 type mld-listener-query counter packets 0 bytes 0 accept
		ip6 saddr fe80::/10 meta l4proto ipv6-icmp icmpv6 type mld-listener-report counter packets 0 bytes 0 accept
		ip6 saddr fe80::/10 meta l4proto ipv6-icmp icmpv6 type mld-listener-done counter packets 0 bytes 0 accept
		ip6 saddr fe80::/10 meta l4proto ipv6-icmp xt match "icmp6" counter packets 0 bytes 0 accept
		meta l4proto ipv6-icmp xt match "icmp6" ip6 hoplimit 255 counter packets 0 bytes 0 accept
		meta l4proto ipv6-icmp xt match "icmp6" ip6 hoplimit 255 counter packets 0 bytes 0 accept
		ip6 saddr fe80::/10 meta l4proto ipv6-icmp xt match "icmp6" ip6 hoplimit 1 counter packets 0 bytes 0 accept
		ip6 saddr fe80::/10 meta l4proto ipv6-icmp xt match "icmp6" ip6 hoplimit 1 counter packets 0 bytes 0 accept
		ip6 saddr fe80::/10 meta l4proto ipv6-icmp xt match "icmp6" ip6 hoplimit 1 counter packets 0 bytes 0 accept
		meta l4proto ipv6-icmp xt match "icmp6" counter packets 0 bytes 0 accept
		meta l4proto ipv6-icmp xt match "icmp6" counter packets 0 bytes 0 accept
		meta l4proto ipv6-icmp xt match "icmp6" counter packets 0 bytes 0 accept
		meta l4proto ipv6-icmp xt match "icmp6" counter packets 0 bytes 0 accept
		ip6 saddr fe80::/10 ip6 daddr fe80::/10 udp sport 547 udp dport 546 counter packets 0 bytes 0 accept
		ip6 daddr ff02::fb udp dport 5353 counter packets 0 bytes 0 accept
		ip6 daddr ff02::f udp dport 1900 counter packets 0 bytes 0 accept
		counter packets 0 bytes 0 jump ufw6-user-input
	}

	chain ufw6-before-output {
		oifname "lo" counter packets 4486 bytes 19891648 accept
		rt type 0 counter packets 0 bytes 0 drop
		ct state related,established counter packets 0 bytes 0 accept
		meta l4proto ipv6-icmp icmpv6 type destination-unreachable counter packets 0 bytes 0 accept
		meta l4proto ipv6-icmp icmpv6 type packet-too-big counter packets 0 bytes 0 accept
		meta l4proto ipv6-icmp icmpv6 type time-exceeded counter packets 0 bytes 0 accept
		meta l4proto ipv6-icmp icmpv6 type parameter-problem counter packets 0 bytes 0 accept
		meta l4proto ipv6-icmp icmpv6 type echo-request counter packets 0 bytes 0 accept
		meta l4proto ipv6-icmp icmpv6 type echo-reply counter packets 0 bytes 0 accept
		meta l4proto ipv6-icmp icmpv6 type nd-router-solicit ip6 hoplimit 255 counter packets 49 bytes 2744 accept
		meta l4proto ipv6-icmp icmpv6 type nd-neighbor-advert ip6 hoplimit 255 counter packets 0 bytes 0 accept
		meta l4proto ipv6-icmp icmpv6 type nd-neighbor-solicit ip6 hoplimit 255 counter packets 9 bytes 648 accept
		meta l4proto ipv6-icmp icmpv6 type nd-router-advert ip6 hoplimit 255 counter packets 0 bytes 0 accept
		meta l4proto ipv6-icmp xt match "icmp6" ip6 hoplimit 255 counter packets 0 bytes 0 accept
		meta l4proto ipv6-icmp xt match "icmp6" ip6 hoplimit 255 counter packets 0 bytes 0 accept
		ip6 saddr fe80::/10 meta l4proto ipv6-icmp icmpv6 type mld-listener-query counter packets 0 bytes 0 accept
		ip6 saddr fe80::/10 meta l4proto ipv6-icmp icmpv6 type mld-listener-report counter packets 0 bytes 0 accept
		ip6 saddr fe80::/10 meta l4proto ipv6-icmp icmpv6 type mld-listener-done counter packets 0 bytes 0 accept
		ip6 saddr fe80::/10 meta l4proto ipv6-icmp xt match "icmp6" counter packets 18 bytes 1368 accept
		meta l4proto ipv6-icmp xt match "icmp6" ip6 hoplimit 255 counter packets 0 bytes 0 accept
		meta l4proto ipv6-icmp xt match "icmp6" ip6 hoplimit 255 counter packets 0 bytes 0 accept
		ip6 saddr fe80::/10 meta l4proto ipv6-icmp xt match "icmp6" ip6 hoplimit 1 counter packets 0 bytes 0 accept
		ip6 saddr fe80::/10 meta l4proto ipv6-icmp xt match "icmp6" ip6 hoplimit 1 counter packets 0 bytes 0 accept
		ip6 saddr fe80::/10 meta l4proto ipv6-icmp xt match "icmp6" ip6 hoplimit 1 counter packets 0 bytes 0 accept
		counter packets 18 bytes 1368 jump ufw6-user-output
	}

	chain ufw6-before-forward {
		rt type 0 counter packets 0 bytes 0 drop
		ct state related,established counter packets 0 bytes 0 accept
		meta l4proto ipv6-icmp icmpv6 type destination-unreachable counter packets 0 bytes 0 accept
		meta l4proto ipv6-icmp icmpv6 type packet-too-big counter packets 0 bytes 0 accept
		meta l4proto ipv6-icmp icmpv6 type time-exceeded counter packets 0 bytes 0 accept
		meta l4proto ipv6-icmp icmpv6 type parameter-problem counter packets 0 bytes 0 accept
		meta l4proto ipv6-icmp icmpv6 type echo-request counter packets 0 bytes 0 accept
		meta l4proto ipv6-icmp icmpv6 type echo-reply counter packets 0 bytes 0 accept
		counter packets 0 bytes 0 jump ufw6-user-forward
	}

	chain ufw6-after-input {
		udp dport 137 counter packets 0 bytes 0 jump ufw6-skip-to-policy-input
		udp dport 138 counter packets 0 bytes 0 jump ufw6-skip-to-policy-input
		tcp dport 139 counter packets 0 bytes 0 jump ufw6-skip-to-policy-input
		tcp dport 445 counter packets 0 bytes 0 jump ufw6-skip-to-policy-input
		udp dport 546 counter packets 0 bytes 0 jump ufw6-skip-to-policy-input
		udp dport 547 counter packets 0 bytes 0 jump ufw6-skip-to-policy-input
	}

	chain ufw6-after-output {
	}

	chain ufw6-after-forward {
	}

	chain ufw6-after-logging-input {
		limit rate 3/minute burst 10 packets counter packets 0 bytes 0 log prefix "[UFW BLOCK] "
	}

	chain ufw6-after-logging-output {
	}

	chain ufw6-after-logging-forward {
		limit rate 3/minute burst 10 packets counter packets 0 bytes 0 log prefix "[UFW BLOCK] "
	}

	chain ufw6-reject-input {
	}

	chain ufw6-reject-output {
	}

	chain ufw6-reject-forward {
	}

	chain ufw6-track-input {
	}

	chain ufw6-track-output {
		meta l4proto tcp ct state new counter packets 0 bytes 0 accept
		meta l4proto udp ct state new counter packets 0 bytes 0 accept
	}

	chain ufw6-track-forward {
	}

	chain ufw6-logging-deny {
		ct state invalid limit rate 3/minute burst 10 packets counter packets 0 bytes 0 return
		limit rate 3/minute burst 10 packets counter packets 0 bytes 0 log prefix "[UFW BLOCK] "
	}

	chain ufw6-logging-allow {
		limit rate 3/minute burst 10 packets counter packets 0 bytes 0 log prefix "[UFW ALLOW] "
	}

	chain ufw6-skip-to-policy-input {
		counter packets 0 bytes 0 drop
	}

	chain ufw6-skip-to-policy-output {
		counter packets 0 bytes 0 accept
	}

	chain ufw6-skip-to-policy-forward {
		counter packets 0 bytes 0 drop
	}

	chain ufw6-user-input {
		iifname "lo" counter packets 0 bytes 0 accept
		tcp dport 22 counter packets 0 bytes 0 accept
		tcp dport 80 counter packets 0 bytes 0 accept
		tcp dport 443 counter packets 0 bytes 0 accept
		iifname "flannel.1" counter packets 0 bytes 0 accept
		iifname "cni0" counter packets 0 bytes 0 accept
	}

	chain ufw6-user-output {
	}

	chain ufw6-user-forward {
	}

	chain ufw6-user-logging-input {
	}

	chain ufw6-user-logging-output {
	}

	chain ufw6-user-logging-forward {
	}

	chain ufw6-user-limit {
		limit rate 3/minute burst 5 packets counter packets 0 bytes 0 log prefix "[UFW LIMIT BLOCK] "
		counter packets 0 bytes 0 reject
	}

	chain ufw6-user-limit-accept {
		counter packets 0 bytes 0 accept
	}

	chain DOCKER {
	}

	chain DOCKER-FORWARD {
		counter packets 0 bytes 0 jump DOCKER-CT
		counter packets 0 bytes 0 jump DOCKER-INTERNAL
		counter packets 0 bytes 0 jump DOCKER-BRIDGE
	}

	chain DOCKER-BRIDGE {
	}

	chain DOCKER-CT {
	}

	chain DOCKER-INTERNAL {
	}

	chain DOCKER-USER {
	}
}
table ip nat {
	chain KUBE-KUBELET-CANARY {
	}

	chain KUBE-PROXY-CANARY {
	}

	chain KUBE-SERVICES {
		meta l4proto tcp ip daddr 10.99.41.109  tcp dport 9402 counter packets 0 bytes 0 jump KUBE-SVC-E3IBCFULSWKQCT47
		meta l4proto tcp ip daddr 10.96.0.1  tcp dport 443 counter packets 5 bytes 300 jump KUBE-SVC-NPX46M4PTMTKRN6Y
		meta l4proto tcp ip daddr 10.102.234.78  tcp dport 5557 counter packets 0 bytes 0 jump KUBE-SVC-UEX2T42OGTNVXVWJ
		meta l4proto tcp ip daddr 10.100.111.93  tcp dport 443 counter packets 0 bytes 0 jump KUBE-SVC-Z4ANX4WAEWEBLCTM
		meta l4proto tcp ip daddr 10.102.234.78  tcp dport 5556 counter packets 0 bytes 0 jump KUBE-SVC-B3N5Q5M4GYMHJ5EB
		meta l4proto tcp ip daddr 10.111.108.228  tcp dport 443 counter packets 0 bytes 0 jump KUBE-SVC-JOAZJGZRN4XNCXP5
		meta l4proto tcp ip daddr 10.100.173.32  tcp dport 443 counter packets 0 bytes 0 jump KUBE-SVL-NZTS37XDTDNXGCKJ
		meta l4proto tcp ip daddr 10.99.160.180  tcp dport 80 counter packets 0 bytes 0 jump KUBE-SVC-G4P4IPQ4JUEESJSA
		meta l4proto udp ip daddr 10.96.0.10  udp dport 53 counter packets 0 bytes 0 jump KUBE-SVC-TCOU7JCQXEZGVUNU
		meta l4proto tcp ip daddr 10.105.183.211  tcp dport 8000 counter packets 0 bytes 0 jump KUBE-SVC-Z6GDYMWE5TV2NNJN
		meta l4proto tcp ip daddr 10.110.148.9  tcp dport 3001 counter packets 0 bytes 0 jump KUBE-SVC-WTM3EOQ2M5BXODYU
		meta l4proto tcp ip daddr 10.110.174.135  tcp dport 3000 counter packets 0 bytes 0 jump KUBE-SVC-YB52WPSYJUWD3Q5L
		meta l4proto tcp ip daddr 10.103.100.31  tcp dport 9402 counter packets 0 bytes 0 jump KUBE-SVC-RGIIBWIGLZLGQUPM
		meta l4proto tcp ip daddr 10.104.165.146  tcp dport 80 counter packets 0 bytes 0 jump KUBE-SVC-DZSQUIY5BXN7HSA3
		meta l4proto tcp ip daddr 10.97.194.45  tcp dport 80 counter packets 0 bytes 0 jump KUBE-SVC-ZGWW2L4XLRSDZ3EF
		meta l4proto tcp ip daddr 10.103.22.175  tcp dport 8081 counter packets 0 bytes 0 jump KUBE-SVC-ENADVXJWDGX67EAO
		meta l4proto tcp ip daddr 10.99.160.180  tcp dport 443 counter packets 0 bytes 0 jump KUBE-SVC-A32MGCDFPRQGQDBB
		meta l4proto tcp ip daddr 10.110.50.62  tcp dport 443 counter packets 0 bytes 0 jump KUBE-SVC-ZUD4L6KQKCHD52W4
		meta l4proto tcp ip daddr 10.96.0.10  tcp dport 9153 counter packets 0 bytes 0 jump KUBE-SVC-JD5MR3NA4I4DYORP
		meta l4proto tcp ip daddr 10.100.71.214  tcp dport 443 counter packets 0 bytes 0 jump KUBE-SVC-CEZPIJSAUFW5MYPQ
		meta l4proto tcp ip daddr 10.111.108.228  tcp dport 80 counter packets 0 bytes 0 jump KUBE-SVC-22NQRBTVFSMRMMGS
		meta l4proto tcp ip daddr 10.98.87.231  tcp dport 7000 counter packets 0 bytes 0 jump KUBE-SVC-SALIQEH2VAATVE6Q
		meta l4proto tcp ip daddr 10.110.50.62  tcp dport 9402 counter packets 0 bytes 0 jump KUBE-SVC-KMECTPXUBDWOU35U
		meta l4proto tcp ip daddr 10.96.0.10  tcp dport 53 counter packets 0 bytes 0 jump KUBE-SVC-ERIFXISQEP7F7OF4
		meta l4proto tcp ip daddr 10.105.106.82  tcp dport 6379 counter packets 0 bytes 0 jump KUBE-SVC-GXIP3VPYA3MQE7T4
		 fib daddr type local counter packets 133 bytes 8004 jump KUBE-NODEPORTS
	}

	chain OUTPUT {
		type nat hook output priority dstnat; policy accept;
		 counter packets 28034 bytes 1694268 jump CILIUM_OUTPUT_nat
		 counter packets 28296 bytes 1710085 jump KUBE-SERVICES
		ip daddr != 127.0.0.0/8 fib daddr type local counter packets 717 bytes 42924 jump DOCKER
	}

	chain PREROUTING {
		type nat hook prerouting priority dstnat; policy accept;
		 counter packets 2331 bytes 123341 jump CILIUM_PRE_nat
		 counter packets 2331 bytes 123341 jump KUBE-SERVICES
		fib daddr type local counter packets 53 bytes 3020 jump DOCKER
	}

	chain KUBE-POSTROUTING {
		meta mark & 0x00004000 != 0x00004000 counter packets 170 bytes 10288 return
		counter packets 5 bytes 300 meta mark set mark xor 0x4000
		 counter packets 5 bytes 300 xt target "MASQUERADE"
	}

	chain POSTROUTING {
		type nat hook postrouting priority srcnat; policy accept;
		ip saddr 172.17.0.0/16 oifname != "docker0" counter packets 0 bytes 0 xt target "MASQUERADE"
		 counter packets 27901 bytes 1686757 jump CILIUM_POST_nat
		 counter packets 28063 bytes 1696105 jump KUBE-POSTROUTING
	}

	chain KUBE-NODEPORTS {
		meta l4proto tcp ip daddr 127.0.0.0/8  tcp dport 32130 xt match "nfacct" counter packets 0 bytes 0 jump KUBE-EXT-JOAZJGZRN4XNCXP5
		meta l4proto tcp  tcp dport 32130 counter packets 0 bytes 0 jump KUBE-EXT-JOAZJGZRN4XNCXP5
		meta l4proto tcp ip daddr 127.0.0.0/8  tcp dport 32245 xt match "nfacct" counter packets 0 bytes 0 jump KUBE-EXT-22NQRBTVFSMRMMGS
		meta l4proto tcp  tcp dport 32245 counter packets 0 bytes 0 jump KUBE-EXT-22NQRBTVFSMRMMGS
	}

	chain KUBE-MARK-MASQ {
		counter packets 10 bytes 600 meta mark set mark or 0x4000
	}

	chain CILIUM_POST_nat {
		oifname != "cilium_*" ip saddr 10.0.0.0/24 ip daddr != 10.0.0.0/24  counter packets 95 bytes 6169 xt target "MASQUERADE"
		meta mark & 0x00000e00 == 0x00000a00  counter packets 0 bytes 0 accept
		oifname "cilium_host" ip saddr != 10.0.0.0/24 ip daddr != 10.0.0.0/24  counter packets 0 bytes 0 xt target "SNAT"
		oifname "cilium_host" ip saddr 127.0.0.1  counter packets 0 bytes 0 xt target "SNAT"
		oifname "cilium_host" meta mark & 0x00000f00 == 0x00000f00 ct status dnat  counter packets 0 bytes 0 xt target "SNAT"
	}

	chain CILIUM_OUTPUT_nat {
	}

	chain CILIUM_PRE_nat {
	}

	chain KUBE-SVL-NZTS37XDTDNXGCKJ {
		meta l4proto tcp ip saddr != 10.0.0.0/8 ip daddr 10.100.173.32  tcp dport 443 counter packets 0 bytes 0 jump KUBE-MARK-MASQ
		 counter packets 0 bytes 0 jump KUBE-SEP-TWGYKWVHCM6WTFBE
	}

	chain KUBE-SEP-TWGYKWVHCM6WTFBE {
		ip saddr 192.168.157.110  counter packets 0 bytes 0 jump KUBE-MARK-MASQ
		meta l4proto tcp   counter packets 0 bytes 0 xt target "DNAT"
	}

	chain KUBE-SVC-JD5MR3NA4I4DYORP {
		meta l4proto tcp ip saddr != 10.0.0.0/8 ip daddr 10.96.0.10  tcp dport 9153 counter packets 0 bytes 0 jump KUBE-MARK-MASQ
		 meta random & 2147483647 < 1073741824 counter packets 0 bytes 0 jump KUBE-SEP-NJJOPTEZJ7KDNMYV
		 counter packets 0 bytes 0 jump KUBE-SEP-BPVXT4UDDULJDNMD
	}

	chain KUBE-SEP-NJJOPTEZJ7KDNMYV {
		ip saddr 10.0.0.11  counter packets 0 bytes 0 jump KUBE-MARK-MASQ
		meta l4proto tcp   counter packets 0 bytes 0 xt target "DNAT"
	}

	chain KUBE-SEP-BPVXT4UDDULJDNMD {
		ip saddr 10.0.0.234  counter packets 0 bytes 0 jump KUBE-MARK-MASQ
		meta l4proto tcp   counter packets 0 bytes 0 xt target "DNAT"
	}

	chain KUBE-SVC-ERIFXISQEP7F7OF4 {
		meta l4proto tcp ip saddr != 10.0.0.0/8 ip daddr 10.96.0.10  tcp dport 53 counter packets 0 bytes 0 jump KUBE-MARK-MASQ
		 meta random & 2147483647 < 1073741824 counter packets 0 bytes 0 jump KUBE-SEP-TXXP36LGDFQ2SOWA
		 counter packets 0 bytes 0 jump KUBE-SEP-FCJRALUH6T4OF6C4
	}

	chain KUBE-SEP-TXXP36LGDFQ2SOWA {
		ip saddr 10.0.0.11  counter packets 0 bytes 0 jump KUBE-MARK-MASQ
		meta l4proto tcp   counter packets 0 bytes 0 xt target "DNAT"
	}

	chain KUBE-SEP-FCJRALUH6T4OF6C4 {
		ip saddr 10.0.0.234  counter packets 0 bytes 0 jump KUBE-MARK-MASQ
		meta l4proto tcp   counter packets 0 bytes 0 xt target "DNAT"
	}

	chain KUBE-SVC-TCOU7JCQXEZGVUNU {
		meta l4proto udp ip saddr != 10.0.0.0/8 ip daddr 10.96.0.10  udp dport 53 counter packets 0 bytes 0 jump KUBE-MARK-MASQ
		 meta random & 2147483647 < 1073741824 counter packets 0 bytes 0 jump KUBE-SEP-2UVJ5JAO4OUMONQD
		 counter packets 0 bytes 0 jump KUBE-SEP-XK7WICRGTKQY4X2P
	}

	chain KUBE-SEP-2UVJ5JAO4OUMONQD {
		ip saddr 10.0.0.11  counter packets 0 bytes 0 jump KUBE-MARK-MASQ
		meta l4proto udp   counter packets 0 bytes 0 xt target "DNAT"
	}

	chain KUBE-SEP-XK7WICRGTKQY4X2P {
		ip saddr 10.0.0.234  counter packets 0 bytes 0 jump KUBE-MARK-MASQ
		meta l4proto udp   counter packets 0 bytes 0 xt target "DNAT"
	}

	chain KUBE-SVC-YB52WPSYJUWD3Q5L {
		meta l4proto tcp ip saddr != 10.0.0.0/8 ip daddr 10.110.174.135  tcp dport 3000 counter packets 0 bytes 0 jump KUBE-MARK-MASQ
		 counter packets 0 bytes 0 jump KUBE-SEP-5Y53CLTFVVBHXXH2
	}

	chain KUBE-SEP-5Y53CLTFVVBHXXH2 {
		ip saddr 10.0.0.186  counter packets 0 bytes 0 jump KUBE-MARK-MASQ
		meta l4proto tcp   counter packets 0 bytes 0 xt target "DNAT"
	}

	chain KUBE-SVC-SALIQEH2VAATVE6Q {
		meta l4proto tcp ip saddr != 10.0.0.0/8 ip daddr 10.98.87.231  tcp dport 7000 counter packets 0 bytes 0 jump KUBE-MARK-MASQ
		 counter packets 0 bytes 0 jump KUBE-SEP-5CNXQ4WGQDREKTR5
	}

	chain KUBE-SVC-GXIP3VPYA3MQE7T4 {
		meta l4proto tcp ip saddr != 10.0.0.0/8 ip daddr 10.105.106.82  tcp dport 6379 counter packets 0 bytes 0 jump KUBE-MARK-MASQ
		 counter packets 0 bytes 0 jump KUBE-SEP-4QI5UUADO2BFSJP5
	}

	chain KUBE-SVC-ZGWW2L4XLRSDZ3EF {
		meta l4proto tcp ip saddr != 10.0.0.0/8 ip daddr 10.97.194.45  tcp dport 80 counter packets 0 bytes 0 jump KUBE-MARK-MASQ
		 counter packets 0 bytes 0 jump KUBE-SEP-ZXP5G65SUEMMISXP
	}

	chain KUBE-SEP-ZXP5G65SUEMMISXP {
		ip saddr 10.0.0.227  counter packets 0 bytes 0 jump KUBE-MARK-MASQ
		meta l4proto tcp   counter packets 0 bytes 0 xt target "DNAT"
	}

	chain KUBE-SVC-Z6GDYMWE5TV2NNJN {
		meta l4proto tcp ip saddr != 10.0.0.0/8 ip daddr 10.105.183.211  tcp dport 8000 counter packets 0 bytes 0 jump KUBE-MARK-MASQ
		 counter packets 0 bytes 0 jump KUBE-SEP-RUSCEQMBSKLESZJA
	}

	chain KUBE-SEP-RUSCEQMBSKLESZJA {
		ip saddr 10.0.0.83  counter packets 0 bytes 0 jump KUBE-MARK-MASQ
		meta l4proto tcp   counter packets 0 bytes 0 xt target "DNAT"
	}

	chain KUBE-SVC-B3N5Q5M4GYMHJ5EB {
		meta l4proto tcp ip saddr != 10.0.0.0/8 ip daddr 10.102.234.78  tcp dport 5556 counter packets 0 bytes 0 jump KUBE-MARK-MASQ
		 counter packets 0 bytes 0 jump KUBE-SEP-GELDLK2ULEKFLHQY
	}

	chain KUBE-SVC-UEX2T42OGTNVXVWJ {
		meta l4proto tcp ip saddr != 10.0.0.0/8 ip daddr 10.102.234.78  tcp dport 5557 counter packets 0 bytes 0 jump KUBE-MARK-MASQ
		 counter packets 0 bytes 0 jump KUBE-SEP-LHWJSR4UG24TROWY
	}

	chain KUBE-SVC-Z4ANX4WAEWEBLCTM {
		meta l4proto tcp ip saddr != 10.0.0.0/8 ip daddr 10.100.111.93  tcp dport 443 counter packets 7 bytes 420 jump KUBE-MARK-MASQ
		 counter packets 7 bytes 420 jump KUBE-SEP-2EHEOYSEIYDGOFIG
	}

	chain KUBE-SEP-2EHEOYSEIYDGOFIG {
		ip saddr 10.0.0.144  counter packets 0 bytes 0 jump KUBE-MARK-MASQ
		meta l4proto tcp   counter packets 7 bytes 420 xt target "DNAT"
	}

	chain KUBE-SVC-ENADVXJWDGX67EAO {
		meta l4proto tcp ip saddr != 10.0.0.0/8 ip daddr 10.103.22.175  tcp dport 8081 counter packets 0 bytes 0 jump KUBE-MARK-MASQ
		 counter packets 0 bytes 0 jump KUBE-SEP-M6NMMBMU3SC5OKJO
	}

	chain KUBE-SVC-E3IBCFULSWKQCT47 {
		meta l4proto tcp ip saddr != 10.0.0.0/8 ip daddr 10.99.41.109  tcp dport 9402 counter packets 0 bytes 0 jump KUBE-MARK-MASQ
		 counter packets 0 bytes 0 jump KUBE-SEP-T6YVEHA24Y7RAPUY
	}

	chain KUBE-SEP-T6YVEHA24Y7RAPUY {
		ip saddr 10.0.0.196  counter packets 0 bytes 0 jump KUBE-MARK-MASQ
		meta l4proto tcp   counter packets 0 bytes 0 xt target "DNAT"
	}

	chain KUBE-SVC-RGIIBWIGLZLGQUPM {
		meta l4proto tcp ip saddr != 10.0.0.0/8 ip daddr 10.103.100.31  tcp dport 9402 counter packets 0 bytes 0 jump KUBE-MARK-MASQ
		 counter packets 0 bytes 0 jump KUBE-SEP-NCIQXHSJFPH37DR2
	}

	chain KUBE-SEP-NCIQXHSJFPH37DR2 {
		ip saddr 10.0.0.170  counter packets 0 bytes 0 jump KUBE-MARK-MASQ
		meta l4proto tcp   counter packets 0 bytes 0 xt target "DNAT"
	}

	chain KUBE-SVC-CEZPIJSAUFW5MYPQ {
		meta l4proto tcp ip saddr != 10.0.0.0/8 ip daddr 10.100.71.214  tcp dport 443 counter packets 0 bytes 0 jump KUBE-MARK-MASQ
		 counter packets 0 bytes 0 jump KUBE-SEP-VRU5WZLQIYETCUXM
	}

	chain KUBE-SEP-VRU5WZLQIYETCUXM {
		ip saddr 10.0.0.128  counter packets 0 bytes 0 jump KUBE-MARK-MASQ
		meta l4proto tcp   counter packets 0 bytes 0 xt target "DNAT"
	}

	chain KUBE-SVC-G4P4IPQ4JUEESJSA {
		meta l4proto tcp ip saddr != 10.0.0.0/8 ip daddr 10.99.160.180  tcp dport 80 counter packets 0 bytes 0 jump KUBE-MARK-MASQ
		 counter packets 0 bytes 0 jump KUBE-SEP-2D7MR6C42FDBKNGO
	}

	chain KUBE-SVC-A32MGCDFPRQGQDBB {
		meta l4proto tcp ip saddr != 10.0.0.0/8 ip daddr 10.99.160.180  tcp dport 443 counter packets 0 bytes 0 jump KUBE-MARK-MASQ
		 counter packets 0 bytes 0 jump KUBE-SEP-TQQC7H2URI5IZ4DW
	}

	chain KUBE-SVC-WTM3EOQ2M5BXODYU {
		meta l4proto tcp ip saddr != 10.0.0.0/8 ip daddr 10.110.148.9  tcp dport 3001 counter packets 0 bytes 0 jump KUBE-MARK-MASQ
		 counter packets 0 bytes 0 jump KUBE-SEP-KSQNUHK3TLRIPMSQ
	}

	chain KUBE-SEP-KSQNUHK3TLRIPMSQ {
		ip saddr 10.0.0.240  counter packets 0 bytes 0 jump KUBE-MARK-MASQ
		meta l4proto tcp   counter packets 0 bytes 0 xt target "DNAT"
	}

	chain KUBE-SVC-ZUD4L6KQKCHD52W4 {
		meta l4proto tcp ip saddr != 10.0.0.0/8 ip daddr 10.110.50.62  tcp dport 443 counter packets 0 bytes 0 jump KUBE-MARK-MASQ
		 counter packets 0 bytes 0 jump KUBE-SEP-D7RZ5EMOVHNPQU3I
	}

	chain KUBE-SEP-D7RZ5EMOVHNPQU3I {
		ip saddr 10.0.0.254  counter packets 0 bytes 0 jump KUBE-MARK-MASQ
		meta l4proto tcp   counter packets 0 bytes 0 xt target "DNAT"
	}

	chain KUBE-SVC-KMECTPXUBDWOU35U {
		meta l4proto tcp ip saddr != 10.0.0.0/8 ip daddr 10.110.50.62  tcp dport 9402 counter packets 0 bytes 0 jump KUBE-MARK-MASQ
		 counter packets 0 bytes 0 jump KUBE-SEP-PJXLN2LDSB4VBB62
	}

	chain KUBE-SEP-PJXLN2LDSB4VBB62 {
		ip saddr 10.0.0.254  counter packets 0 bytes 0 jump KUBE-MARK-MASQ
		meta l4proto tcp   counter packets 0 bytes 0 xt target "DNAT"
	}

	chain KUBE-SVC-DZSQUIY5BXN7HSA3 {
		meta l4proto tcp ip saddr != 10.0.0.0/8 ip daddr 10.104.165.146  tcp dport 80 counter packets 0 bytes 0 jump KUBE-MARK-MASQ
		 counter packets 0 bytes 0 jump KUBE-SEP-GY5NGDK6JHS55JHP
	}

	chain KUBE-SEP-GY5NGDK6JHS55JHP {
		ip saddr 10.0.0.122  counter packets 0 bytes 0 jump KUBE-MARK-MASQ
		meta l4proto tcp   counter packets 0 bytes 0 xt target "DNAT"
	}

	chain DOCKER {
	}

	chain KUBE-EXT-JOAZJGZRN4XNCXP5 {
		 counter packets 0 bytes 0 jump KUBE-MARK-MASQ
		counter packets 0 bytes 0 jump KUBE-SVC-JOAZJGZRN4XNCXP5
	}

	chain KUBE-SVC-JOAZJGZRN4XNCXP5 {
		meta l4proto tcp ip saddr != 10.0.0.0/8 ip daddr 10.111.108.228  tcp dport 443 counter packets 0 bytes 0 jump KUBE-MARK-MASQ
		 counter packets 0 bytes 0 jump KUBE-SEP-SCLFKJPVOILXHNOS
	}

	chain KUBE-SEP-SCLFKJPVOILXHNOS {
		ip saddr 192.168.157.110  counter packets 0 bytes 0 jump KUBE-MARK-MASQ
		meta l4proto tcp   counter packets 0 bytes 0 xt target "DNAT"
	}

	chain KUBE-EXT-22NQRBTVFSMRMMGS {
		 counter packets 0 bytes 0 jump KUBE-MARK-MASQ
		counter packets 0 bytes 0 jump KUBE-SVC-22NQRBTVFSMRMMGS
	}

	chain KUBE-SVC-22NQRBTVFSMRMMGS {
		meta l4proto tcp ip saddr != 10.0.0.0/8 ip daddr 10.111.108.228  tcp dport 80 counter packets 0 bytes 0 jump KUBE-MARK-MASQ
		 counter packets 0 bytes 0 jump KUBE-SEP-EBPCBRMYGT2NDO54
	}

	chain KUBE-SEP-EBPCBRMYGT2NDO54 {
		ip saddr 192.168.157.110  counter packets 0 bytes 0 jump KUBE-MARK-MASQ
		meta l4proto tcp   counter packets 0 bytes 0 xt target "DNAT"
	}

	chain KUBE-SEP-5CNXQ4WGQDREKTR5 {
		ip saddr 10.0.0.12  counter packets 0 bytes 0 jump KUBE-MARK-MASQ
		meta l4proto tcp   counter packets 0 bytes 0 xt target "DNAT"
	}

	chain KUBE-SEP-4QI5UUADO2BFSJP5 {
		ip saddr 10.0.0.28  counter packets 0 bytes 0 jump KUBE-MARK-MASQ
		meta l4proto tcp   counter packets 0 bytes 0 xt target "DNAT"
	}

	chain KUBE-SEP-LHWJSR4UG24TROWY {
		ip saddr 10.0.0.237  counter packets 0 bytes 0 jump KUBE-MARK-MASQ
		meta l4proto tcp   counter packets 0 bytes 0 xt target "DNAT"
	}

	chain KUBE-SEP-GELDLK2ULEKFLHQY {
		ip saddr 10.0.0.237  counter packets 0 bytes 0 jump KUBE-MARK-MASQ
		meta l4proto tcp   counter packets 0 bytes 0 xt target "DNAT"
	}

	chain KUBE-SEP-M6NMMBMU3SC5OKJO {
